MPASM  5.51             PARTIDASUAVEMOTOR.ASM   8-28-2020  10:30:15         PAGE  1


LOC  OBJECT CODE     LINE SOURCE TEXT
  VALUE

                      00001 ;
                      00002 ;               Este programa tem como objetivo acionar um motor de maneira suave, para que não haja um 
                            surto de corrente nos seus
                      00003 ;       terminais. Para isso será feito o uso do PWM do módulo CCP, que irá variar o duty de 0 a 100% de
                             maneira suave, para
                      00004 ;       que o motor chegue a sua velocidade total de maneira suave.
                      00005 ;
                      00006 ;       *** Timer 0 ***
                      00007 ;
                      00008 ;       Overflow = (255 - TMR0) * prescaler * Ciclo de máquina
                      00009 ;       Overflow = 200 * 128 * 1us
                      00010 ;       Oveflow = 25,6ms
                      00011 ;
                      00012 ;       *** PWM ***
                      00013 ;       
                      00014 ;       Período PWM = (PR2 + 1) * Ciclo de máquina * Prescaler do timer2
                      00015 ;       Período PWM = 50 * 1us * 16
                      00016 ;   Período PWM = 800us
                      00017 ;       Frequência PWM = 1250Hz
                      00018 ;
                      00019 ;               Quando se utiliza o timer2 para o módulo CCP, no modo PWM, o PR2 define o tamanho do per
                            íodo do sinal PWM. Logo,
                      00020 ;       se PR2 = 255, o período tem 255 de tamanho e a frequência diminui. Neste programa, para o motor 
                            fazer uma partida 
                      00021 ;       suave de 0 à 100% de duty, o CCPR1L deve variar de 0 até PR2.
                      00022 ;               Este módulo deve ser mais aprofundado caso se necessite utilizar o PWM do módulo CCP, po
                            rém, o conhecimento 
                      00023 ;       básico de funcionamento já torna o uso viável para diversas aplicações.
                      00024 ;       
                      00025 ;               Na simulação e na prática o circuito e o programa funcionaram como esperado.
                      00026 ;
                      00027 
                      00028         list            p=16f628a                                       ; Informa o microcontrolador uti
                            lizado
                      00029         
                      00030 ; --- Inclusões --- 
                      00031 
                      00032         #include        <p16f628a.inc>                          ; Inclui o arquivo com os registradores 
                            do Pic
                      00001         LIST
                      00002 
                      00003 ;==========================================================================
                      00004 ;  MPASM PIC16F628A processor include
                      00005 ; 
                      00006 ;  (c) Copyright 1999-2013 Microchip Technology, All rights reserved
                      00007 ;==========================================================================
                      00008 
                      00385         LIST
                      00033         
                      00034 ; --- Fuse bits ---
                      00035 
2007   3F21           00036         __config _XT_OSC & _WDT_OFF & _PWRTE_ON & _MCLRE_ON & _BOREN_OFF & _LVP_OFF & _CPD_OFF & _CP_OFF
                      00037         
MPASM  5.51             PARTIDASUAVEMOTOR.ASM   8-28-2020  10:30:15         PAGE  2


LOC  OBJECT CODE     LINE SOURCE TEXT
  VALUE

                      00038 ;       Configura clock de 4MHz, Power Up Timer habilitado e Master Clear habilitado
                      00039 
                      00040 
                      00041 ; --- Paginação de memória ---
                      00042 
                      00043         #define         bank0   bcf     STATUS,RP0              ; Cria mnemônico para selecionar o banco
                             0 de memória
                      00044         #define         bank1   bsf     STATUS,RP0              ; Cria mnemônico para selecionar o banco
                             1 de memória
                      00045         
                      00046 ; --- Mapeamento de hardware ---
                      00047 
                      00048         #define         led1    PORTA,3                         ; Cria mnemônico para led1 em RA3
                      00049         #define         led2    PORTA,2                         ; Cria mnemônico para led2 em RA2
                      00050         #define         botao1  PORTB,0                         ; Cria mnemônico para botao1 em RB0
                      00051         
                      00052 ; --- Registradores de uso geral ---
                      00053 
                      00054         cblock          H'20'                                           ; Endereço de início para config
                            uração dos registradores de uso geral
                      00055         
  00000020            00056         W_TEMP                                                                  ; Armazena o conteúdo de
                             w temporariamente
  00000021            00057         STATUS_TEMP                                                             ; Armazena o conteúdo de
                             STATUS temporariamente
                      00058         
                      00059         endc                                                                    ; Fim da configuração do
                            s registradores de uso geral
                      00060         
                      00061         
                      00062 ; --- Vetor de Reset ---
                      00063 
0000                  00064         org                     H'0000'                                         ; Endereço de origem do 
                            vetor de Reset
                      00065         
0000   2817           00066         goto            inicio                                          ; Desvia a execução para o progr
                            ama principal
                      00067         
                      00068 ; --- Vetor de interrupção --- 
                      00069 
0004                  00070         org                     H'0004'                                         ; Endereço de origem do 
                            vetor de Interrupção
                      00071         
                      00072 ; -- Salvamento de contexto --
                      00073 
0004   00A0           00074         movwf           W_TEMP                                          ; W_TEMP = w
0005   0E03           00075         swapf           STATUS,w                                        ; w = STATUS (con nibbles invert
                            idos)
0006   1283           00076         bank0                                                                   ; Seleciona banco 0 de m
                            emória
0007   00A1           00077         movwf           STATUS_TEMP                                     ; STATUS_TEMP = STATUS (com nibb
                            les invertidos)
                      00078 
MPASM  5.51             PARTIDASUAVEMOTOR.ASM   8-28-2020  10:30:15         PAGE  3


LOC  OBJECT CODE     LINE SOURCE TEXT
  VALUE

                      00079 ; -- Fim do salvamento de contexto --
                      00080 
                      00081         ; Desenvolvimento da ISR...
                      00082         
0008   1D0B           00083         btfss           INTCON,T0IF                                     ; Testa se a flag T0IF foi setad
                            a, se foi , pula uma linha
0009   2812           00084         goto            exit_ISR                                        ; Se não, sai da interrupção
000A   110B           00085         bcf                     INTCON,T0IF                                     ; Limpa flag T0IF
                      00086         
000B   3037           00087         movlw           D'55'                                           ; w = 55d
000C   0081           00088         movwf           TMR0                                            ; Recarrega TMR0 = 55d, para con
                            tagem de 200
                      00089         
000D   30FF           00090         movlw           D'255'                                          ; w = 255d
000E   0615           00091         xorwf           CCPR1L,w                                        ; Faz lógica XOR com CCPR1L para
                             testar se este já chegou a 255
000F   1903           00092         btfsc           STATUS,Z                                        ; Se já, Z seta e NÃO pula uma l
                            inha, se não, pula uma linha
0010   2812           00093         goto            exit_ISR                                        ; Sai da interrupção
0011   0A95           00094         incf            CCPR1L,F                                        ; Incrementa CCPR1L
                      00095         
                      00096 ; -- Recuperação de contexto --
                      00097 
0012                  00098 exit_ISR:
                      00099 
0012   0E21           00100         swapf           STATUS_TEMP,w                           ; w = STATUS_TEMP (com nibbles reinverti
                            dos)
0013   0083           00101         movwf           STATUS                                          ; STATUS = STATUS_TEMP (com nibb
                            les reinvertidos = STATUS original)
0014   0EA0           00102         swapf           W_TEMP,F                                        ; W_TEMP = W_TEMP (com nibbles i
                            nvertidos)
0015   0E20           00103         swapf           W_TEMP,w                                        ; w = W_TEMP (com nibbles reinve
                            rtidos = w original)
                      00104         
0016   0009           00105         retfie                                                                  ; Volta para execução pr
                            incipal
                      00106 
                      00107 ; -- Fim da recuperação de contexto -- 
                      00108  
                      00109  
                      00110 ; --- Programa principal ---
                      00111 
0017                  00112 inicio: 
                      00113 
0017   1683           00114         bank1                                                                   ; Seleciona banco 1 de m
                            emória
0018   3086           00115         movlw           H'86'                                           ; w = 86h
Message[302]: Register in operand not in bank 0.  Ensure that bank bits are correct.
0019   0081           00116         movwf           OPTION_REG                                      ; Desabilita os pull-ups interno
                            s e configura prescaler do timer0 em 1:128
001A   30F3           00117         movlw           H'F3'                                           ; w = F3h
Message[302]: Register in operand not in bank 0.  Ensure that bank bits are correct.
001B   0085           00118         movwf           TRISA                                           ; Configura apenas RA3 e RA2 com
MPASM  5.51             PARTIDASUAVEMOTOR.ASM   8-28-2020  10:30:15         PAGE  4


LOC  OBJECT CODE     LINE SOURCE TEXT
  VALUE

                            o saídas digitais
001C   30F7           00119         movlw           H'F7'                                           ; w = FFh
Message[302]: Register in operand not in bank 0.  Ensure that bank bits are correct.
001D   0086           00120         movwf           TRISB                                           ; Configura apenas RB3 como saíd
                            a digital
001E   30FF           00121         movlw           D'255'                                          ; w = 49d
Message[302]: Register in operand not in bank 0.  Ensure that bank bits are correct.
001F   0092           00122         movwf           PR2                                                     ; Configura limite de co
                            ntagem de CCPR1L, para ajustar frequência do PWM
0020   1283           00123         bank0                                                                   ; Seleciona banco 0 de m
                            emória
0021   3007           00124         movlw           H'07'                                           ; w = 07h
0022   009F           00125         movwf           CMCON                                           ; Desabilita os comparadores int
                            ernos
0023   30A0           00126         movlw           H'A0'                                           ; w = A0h
0024   008B           00127         movwf           INTCON                                          ; Habilita a interrupção global 
                            e a interrupção por overflow do timer0
0025   3037           00128         movlw           D'55'                                           ; w = 55d
0026   0081           00129         movwf           TMR0                                            ; Inicia contagem do timer0 em 5
                            5d, para contar 200
0027   30F3           00130         movlw           H'F3'                                           ; w = F3h
0028   0085           00131         movwf           PORTA                                           ; Inicia RA3 e RA2 em Low
0029   3006           00132         movlw           H'06'                                           ; w = 06h
002A   0092           00133         movwf           T2CON                                           ; Liga o timer2 e configura o po
                            stscaler em 1:1 e o prescaler em 1:16
002B   300C           00134         movlw           H'0C'                                           ; w = 0Ch
002C   0097           00135         movwf           CCP1CON                                         ; Configura o módulo CCP para o 
                            modo PWM
002D   0195           00136         clrf            CCPR1L                                          ; Limpa o contador do módulo CCP
                      00137         
                      00138         
002E   282E           00139         goto            $                                                       ; Programa fica preso ne
                            ste endereço e aguarda interrupção
                      00140         
                      00141         
                      00142         end                                                                             ; Fim do program
                            a
MPASM  5.51             PARTIDASUAVEMOTOR.ASM   8-28-2020  10:30:15         PAGE  5


SYMBOL TABLE
  LABEL                             VALUE 

ADDEN                             00000003
ADEN                              00000003
BRGH                              00000002
C                                 00000000
C1INV                             00000004
C1OUT                             00000006
C2INV                             00000005
C2OUT                             00000007
CCP1CON                           00000017
CCP1IE                            00000002
CCP1IF                            00000002
CCP1M0                            00000000
CCP1M1                            00000001
CCP1M2                            00000002
CCP1M3                            00000003
CCP1X                             00000005
CCP1Y                             00000004
CCPR1                             00000015
CCPR1H                            00000016
CCPR1L                            00000015
CIS                               00000003
CM0                               00000000
CM1                               00000001
CM2                               00000002
CMCON                             0000001F
CMIE                              00000006
CMIF                              00000006
CREN                              00000004
CSRC                              00000007
DATA_CP_OFF                       00003FFF
DATA_CP_ON                        00003EFF
DC                                00000001
EEADR                             0000009B
EECON1                            0000009C
EECON2                            0000009D
EEDATA                            0000009A
EEIE                              00000007
EEIF                              00000007
F                                 00000001
FERR                              00000002
FSR                               00000004
GIE                               00000007
INDF                              00000000
INTCON                            0000000B
INTE                              00000004
INTEDG                            00000006
INTF                              00000001
IRP                               00000007
NOT_BO                            00000000
NOT_BOD                           00000000
NOT_BOR                           00000000
NOT_PD                            00000003
NOT_POR                           00000001
MPASM  5.51             PARTIDASUAVEMOTOR.ASM   8-28-2020  10:30:15         PAGE  6


SYMBOL TABLE
  LABEL                             VALUE 

NOT_RBPU                          00000007
NOT_T1SYNC                        00000002
NOT_TO                            00000004
OERR                              00000001
OPTION_REG                        00000081
OSCF                              00000003
PCL                               00000002
PCLATH                            0000000A
PCON                              0000008E
PEIE                              00000006
PIE1                              0000008C
PIR1                              0000000C
PORTA                             00000005
PORTB                             00000006
PR2                               00000092
PS0                               00000000
PS1                               00000001
PS2                               00000002
PSA                               00000003
RA0                               00000000
RA1                               00000001
RA2                               00000002
RA3                               00000003
RA4                               00000004
RA5                               00000005
RA6                               00000006
RA7                               00000007
RB0                               00000000
RB1                               00000001
RB2                               00000002
RB3                               00000003
RB4                               00000004
RB5                               00000005
RB6                               00000006
RB7                               00000007
RBIE                              00000003
RBIF                              00000000
RCIE                              00000005
RCIF                              00000005
RCREG                             0000001A
RCSTA                             00000018
RD                                00000000
RP0                               00000005
RP1                               00000006
RX9                               00000006
RX9D                              00000000
SPBRG                             00000099
SPEN                              00000007
SREN                              00000005
STATUS                            00000003
STATUS_TEMP                       00000021
SYNC                              00000004
T0CS                              00000005
MPASM  5.51             PARTIDASUAVEMOTOR.ASM   8-28-2020  10:30:15         PAGE  7


SYMBOL TABLE
  LABEL                             VALUE 

T0IE                              00000005
T0IF                              00000002
T0SE                              00000004
T1CKPS0                           00000004
T1CKPS1                           00000005
T1CON                             00000010
T1OSCEN                           00000003
T2CKPS0                           00000000
T2CKPS1                           00000001
T2CON                             00000012
TMR0                              00000001
TMR0IE                            00000005
TMR0IF                            00000002
TMR1                              0000000E
TMR1CS                            00000001
TMR1H                             0000000F
TMR1IE                            00000000
TMR1IF                            00000000
TMR1L                             0000000E
TMR1ON                            00000000
TMR2                              00000011
TMR2IE                            00000001
TMR2IF                            00000001
TMR2ON                            00000002
TOUTPS0                           00000003
TOUTPS1                           00000004
TOUTPS2                           00000005
TOUTPS3                           00000006
TRISA                             00000085
TRISA0                            00000000
TRISA1                            00000001
TRISA2                            00000002
TRISA3                            00000003
TRISA4                            00000004
TRISA5                            00000005
TRISA6                            00000006
TRISA7                            00000007
TRISB                             00000086
TRISB0                            00000000
TRISB1                            00000001
TRISB2                            00000002
TRISB3                            00000003
TRISB4                            00000004
TRISB5                            00000005
TRISB6                            00000006
TRISB7                            00000007
TRMT                              00000001
TX9                               00000006
TX9D                              00000000
TXEN                              00000005
TXIE                              00000004
TXIF                              00000004
TXREG                             00000019
MPASM  5.51             PARTIDASUAVEMOTOR.ASM   8-28-2020  10:30:15         PAGE  8


SYMBOL TABLE
  LABEL                             VALUE 

TXSTA                             00000098
VR0                               00000000
VR1                               00000001
VR2                               00000002
VR3                               00000003
VRCON                             0000009F
VREN                              00000007
VROE                              00000006
VRR                               00000005
W                                 00000000
WR                                00000001
WREN                              00000002
WRERR                             00000003
W_TEMP                            00000020
Z                                 00000002
_BODEN_OFF                        00003FBF
_BODEN_ON                         00003FFF
_BOREN_OFF                        00003FBF
_BOREN_ON                         00003FFF
_CONFIG                           00002007
_CPD_OFF                          00003FFF
_CPD_ON                           00003EFF
_CP_OFF                           00003FFF
_CP_ON                            00001FFF
_DEVID1                           00002006
_ER_OSC_CLKOUT                    00003FFF
_ER_OSC_NOCLKOUT                  00003FFE
_EXTCLK_OSC                       00003FEF
_FOSC_ECIO                        00003FEF
_FOSC_EXTRCCLK                    00003FFF
_FOSC_EXTRCIO                     00003FFE
_FOSC_HS                          00003FEE
_FOSC_INTOSCCLK                   00003FFD
_FOSC_INTOSCIO                    00003FFC
_FOSC_LP                          00003FEC
_FOSC_XT                          00003FED
_HS_OSC                           00003FEE
_IDLOC0                           00002000
_IDLOC1                           00002001
_IDLOC2                           00002002
_IDLOC3                           00002003
_INTOSC_OSC_CLKOUT                00003FFD
_INTOSC_OSC_NOCLKOUT              00003FFC
_INTRC_OSC_CLKOUT                 00003FFD
_INTRC_OSC_NOCLKOUT               00003FFC
_LP_OSC                           00003FEC
_LVP_OFF                          00003F7F
_LVP_ON                           00003FFF
_MCLRE_OFF                        00003FDF
_MCLRE_ON                         00003FFF
_PWRTE_OFF                        00003FFF
_PWRTE_ON                         00003FF7
_RC_OSC_CLKOUT                    00003FFF
MPASM  5.51             PARTIDASUAVEMOTOR.ASM   8-28-2020  10:30:15         PAGE  9


SYMBOL TABLE
  LABEL                             VALUE 

_RC_OSC_NOCLKOUT                  00003FFE
_WDTE_OFF                         00003FFB
_WDTE_ON                          00003FFF
_WDT_OFF                          00003FFB
_WDT_ON                           00003FFF
_XT_OSC                           00003FED
__16F628A                         00000001
__DEBUG                           1
bank0                             bcf     STATUS,RP0
bank1                             bsf     STATUS,RP0
botao1                            PORTB,0
exit_ISR                          00000012
inicio                            00000017
led1                              PORTA,3
led2                              PORTA,2


MEMORY USAGE MAP ('X' = Used,  '-' = Unused)

0000 : X---XXXXXXXXXXXX XXXXXXXXXXXXXXXX XXXXXXXXXXXXXXX- ----------------
2000 : -------X-------- ---------------- ---------------- ----------------

All other memory blocks unused.

Program Memory Words Used:    44
Program Memory Words Free:  2004


Errors   :     0
Warnings :     0 reported,     0 suppressed
Messages :     4 reported,     0 suppressed

