MPLINK 4.49, Linker
Linker Map File - Created Wed Aug 26 10:51:19 2020

                                 Section Info
                  Section       Type    Address   Location Size(Bytes)
                ---------  ---------  ---------  ---------  ---------
                   .org_0       code   0x000000    program   0x000000
                   .org_1       code   0x000000    program   0x000002
                   .org_2       code   0x000004    program   0x000062
.config_2007_TESTANDOTIMER2.O       code   0x002007    program   0x000002



                              Program Memory Usage 
                               Start         End      
                           ---------   ---------      
                            0x000000    0x000000      
                            0x000004    0x000034      
                            0x002007    0x002007      
            51 out of 2182 program addresses used, program memory utilization is 2%



                              Symbols - Sorted by Name
                     Name    Address   Location    Storage File                     
                ---------  ---------  ---------  --------- ---------                
                     aux1   0x000027    program     static C:\Users\eleli\Documents\Cursos\Curso de Pic\Assembly Pic\PIC16F628A\TestandoTimer2\MPLAB\TestandoTImer2.asm
                     aux2   0x000029    program     static C:\Users\eleli\Documents\Cursos\Curso de Pic\Assembly Pic\PIC16F628A\TestandoTimer2\MPLAB\TestandoTImer2.asm
               delay500ms   0x000025    program     static C:\Users\eleli\Documents\Cursos\Curso de Pic\Assembly Pic\PIC16F628A\TestandoTimer2\MPLAB\TestandoTImer2.asm
                 exit_ISR   0x00000c    program     static C:\Users\eleli\Documents\Cursos\Curso de Pic\Assembly Pic\PIC16F628A\TestandoTimer2\MPLAB\TestandoTImer2.asm
                   inicio   0x000011    program     static C:\Users\eleli\Documents\Cursos\Curso de Pic\Assembly Pic\PIC16F628A\TestandoTimer2\MPLAB\TestandoTImer2.asm
                     loop   0x00001e    program     static C:\Users\eleli\Documents\Cursos\Curso de Pic\Assembly Pic\PIC16F628A\TestandoTimer2\MPLAB\TestandoTImer2.asm



                              Symbols - Sorted by Address
                     Name    Address   Location    Storage File                     
                ---------  ---------  ---------  --------- ---------                
                 exit_ISR   0x00000c    program     static C:\Users\eleli\Documents\Cursos\Curso de Pic\Assembly Pic\PIC16F628A\TestandoTimer2\MPLAB\TestandoTImer2.asm
                   inicio   0x000011    program     static C:\Users\eleli\Documents\Cursos\Curso de Pic\Assembly Pic\PIC16F628A\TestandoTimer2\MPLAB\TestandoTImer2.asm
                     loop   0x00001e    program     static C:\Users\eleli\Documents\Cursos\Curso de Pic\Assembly Pic\PIC16F628A\TestandoTimer2\MPLAB\TestandoTImer2.asm
               delay500ms   0x000025    program     static C:\Users\eleli\Documents\Cursos\Curso de Pic\Assembly Pic\PIC16F628A\TestandoTimer2\MPLAB\TestandoTImer2.asm
                     aux1   0x000027    program     static C:\Users\eleli\Documents\Cursos\Curso de Pic\Assembly Pic\PIC16F628A\TestandoTimer2\MPLAB\TestandoTImer2.asm
                     aux2   0x000029    program     static C:\Users\eleli\Documents\Cursos\Curso de Pic\Assembly Pic\PIC16F628A\TestandoTimer2\MPLAB\TestandoTImer2.asm


