MPLINK 4.49, Linker
Linker Map File - Created Thu Aug 27 12:17:16 2020

                                 Section Info
                  Section       Type    Address   Location Size(Bytes)
                ---------  ---------  ---------  ---------  ---------
                   .org_0       code   0x000000    program   0x000000
                   .org_1       code   0x000000    program   0x000002
                   .org_2       code   0x000004    program   0x00006a
  .config_2007_PWMMOTOR.O       code   0x002007    program   0x000002



                              Program Memory Usage 
                               Start         End      
                           ---------   ---------      
                            0x000000    0x000000      
                            0x000004    0x000038      
                            0x002007    0x002007      
            55 out of 2182 program addresses used, program memory utilization is 2%



                              Symbols - Sorted by Name
                     Name    Address   Location    Storage File                     
                ---------  ---------  ---------  --------- ---------                
           decrementa_PWM   0x000018    program     static C:\Users\eleli\Documents\Cursos\Curso de Pic\Assembly Pic\PIC16F628A\PWMMotor\MPLAB\PWMMotor.asm
                 exit_ISR   0x00001e    program     static C:\Users\eleli\Documents\Cursos\Curso de Pic\Assembly Pic\PIC16F628A\PWMMotor\MPLAB\PWMMotor.asm
           incrementa_PWM   0x000012    program     static C:\Users\eleli\Documents\Cursos\Curso de Pic\Assembly Pic\PIC16F628A\PWMMotor\MPLAB\PWMMotor.asm
                   inicio   0x000023    program     static C:\Users\eleli\Documents\Cursos\Curso de Pic\Assembly Pic\PIC16F628A\PWMMotor\MPLAB\PWMMotor.asm
                     loop   0x000038    program     static C:\Users\eleli\Documents\Cursos\Curso de Pic\Assembly Pic\PIC16F628A\PWMMotor\MPLAB\PWMMotor.asm



                              Symbols - Sorted by Address
                     Name    Address   Location    Storage File                     
                ---------  ---------  ---------  --------- ---------                
           incrementa_PWM   0x000012    program     static C:\Users\eleli\Documents\Cursos\Curso de Pic\Assembly Pic\PIC16F628A\PWMMotor\MPLAB\PWMMotor.asm
           decrementa_PWM   0x000018    program     static C:\Users\eleli\Documents\Cursos\Curso de Pic\Assembly Pic\PIC16F628A\PWMMotor\MPLAB\PWMMotor.asm
                 exit_ISR   0x00001e    program     static C:\Users\eleli\Documents\Cursos\Curso de Pic\Assembly Pic\PIC16F628A\PWMMotor\MPLAB\PWMMotor.asm
                   inicio   0x000023    program     static C:\Users\eleli\Documents\Cursos\Curso de Pic\Assembly Pic\PIC16F628A\PWMMotor\MPLAB\PWMMotor.asm
                     loop   0x000038    program     static C:\Users\eleli\Documents\Cursos\Curso de Pic\Assembly Pic\PIC16F628A\PWMMotor\MPLAB\PWMMotor.asm


