MPLINK 4.49, Linker
Linker Map File - Created Wed Sep 02 09:47:27 2020

                                 Section Info
                  Section       Type    Address   Location Size(Bytes)
                ---------  ---------  ---------  ---------  ---------
                   .org_0       code   0x000000    program   0x000000
                   .org_1       code   0x000000    program   0x000002
                   .org_2       code   0x000004    program   0x00011c
.config_2007_CONTADORDISPLAY.O       code   0x002007    program   0x000002



                              Program Memory Usage 
                               Start         End      
                           ---------   ---------      
                            0x000000    0x000000      
                            0x000004    0x000091      
                            0x002007    0x002007      
            144 out of 2182 program addresses used, program memory utilization is 6%



                              Symbols - Sorted by Name
                     Name    Address   Location    Storage File                     
                ---------  ---------  ---------  --------- ---------                
             apaga_digUni   0x000011    program     static C:\Users\eleli\Documents\Cursos\Curso de Pic\Assembly Pic\PIC16F628A\ContadorDisplay\MPLAB\ContadorDisplay.asm
                  display   0x000081    program     static C:\Users\eleli\Documents\Cursos\Curso de Pic\Assembly Pic\PIC16F628A\ContadorDisplay\MPLAB\ContadorDisplay.asm
                 exit_ISR   0x00001b    program     static C:\Users\eleli\Documents\Cursos\Curso de Pic\Assembly Pic\PIC16F628A\ContadorDisplay\MPLAB\ContadorDisplay.asm
                  imprime   0x000018    program     static C:\Users\eleli\Documents\Cursos\Curso de Pic\Assembly Pic\PIC16F628A\ContadorDisplay\MPLAB\ContadorDisplay.asm
                   inicio   0x000020    program     static C:\Users\eleli\Documents\Cursos\Curso de Pic\Assembly Pic\PIC16F628A\ContadorDisplay\MPLAB\ContadorDisplay.asm
                     loop   0x000038    program     static C:\Users\eleli\Documents\Cursos\Curso de Pic\Assembly Pic\PIC16F628A\ContadorDisplay\MPLAB\ContadorDisplay.asm
                 press_B1   0x00003b    program     static C:\Users\eleli\Documents\Cursos\Curso de Pic\Assembly Pic\PIC16F628A\ContadorDisplay\MPLAB\ContadorDisplay.asm
                 press_B2   0x00005d    program     static C:\Users\eleli\Documents\Cursos\Curso de Pic\Assembly Pic\PIC16F628A\ContadorDisplay\MPLAB\ContadorDisplay.asm
             recarrega_B1   0x000058    program     static C:\Users\eleli\Documents\Cursos\Curso de Pic\Assembly Pic\PIC16F628A\ContadorDisplay\MPLAB\ContadorDisplay.asm
             recarrega_B2   0x00007c    program     static C:\Users\eleli\Documents\Cursos\Curso de Pic\Assembly Pic\PIC16F628A\ContadorDisplay\MPLAB\ContadorDisplay.asm
                 testa_B1   0x000040    program     static C:\Users\eleli\Documents\Cursos\Curso de Pic\Assembly Pic\PIC16F628A\ContadorDisplay\MPLAB\ContadorDisplay.asm
                 testa_B2   0x000062    program     static C:\Users\eleli\Documents\Cursos\Curso de Pic\Assembly Pic\PIC16F628A\ContadorDisplay\MPLAB\ContadorDisplay.asm



                              Symbols - Sorted by Address
                     Name    Address   Location    Storage File                     
                ---------  ---------  ---------  --------- ---------                
             apaga_digUni   0x000011    program     static C:\Users\eleli\Documents\Cursos\Curso de Pic\Assembly Pic\PIC16F628A\ContadorDisplay\MPLAB\ContadorDisplay.asm
                  imprime   0x000018    program     static C:\Users\eleli\Documents\Cursos\Curso de Pic\Assembly Pic\PIC16F628A\ContadorDisplay\MPLAB\ContadorDisplay.asm
                 exit_ISR   0x00001b    program     static C:\Users\eleli\Documents\Cursos\Curso de Pic\Assembly Pic\PIC16F628A\ContadorDisplay\MPLAB\ContadorDisplay.asm
                   inicio   0x000020    program     static C:\Users\eleli\Documents\Cursos\Curso de Pic\Assembly Pic\PIC16F628A\ContadorDisplay\MPLAB\ContadorDisplay.asm
                     loop   0x000038    program     static C:\Users\eleli\Documents\Cursos\Curso de Pic\Assembly Pic\PIC16F628A\ContadorDisplay\MPLAB\ContadorDisplay.asm
                 press_B1   0x00003b    program     static C:\Users\eleli\Documents\Cursos\Curso de Pic\Assembly Pic\PIC16F628A\ContadorDisplay\MPLAB\ContadorDisplay.asm
                 testa_B1   0x000040    program     static C:\Users\eleli\Documents\Cursos\Curso de Pic\Assembly Pic\PIC16F628A\ContadorDisplay\MPLAB\ContadorDisplay.asm
             recarrega_B1   0x000058    program     static C:\Users\eleli\Documents\Cursos\Curso de Pic\Assembly Pic\PIC16F628A\ContadorDisplay\MPLAB\ContadorDisplay.asm
                 press_B2   0x00005d    program     static C:\Users\eleli\Documents\Cursos\Curso de Pic\Assembly Pic\PIC16F628A\ContadorDisplay\MPLAB\ContadorDisplay.asm
                 testa_B2   0x000062    program     static C:\Users\eleli\Documents\Cursos\Curso de Pic\Assembly Pic\PIC16F628A\ContadorDisplay\MPLAB\ContadorDisplay.asm
             recarrega_B2   0x00007c    program     static C:\Users\eleli\Documents\Cursos\Curso de Pic\Assembly Pic\PIC16F628A\ContadorDisplay\MPLAB\ContadorDisplay.asm
                  display   0x000081    program     static C:\Users\eleli\Documents\Cursos\Curso de Pic\Assembly Pic\PIC16F628A\ContadorDisplay\MPLAB\ContadorDisplay.asm


