MPLINK 4.49, Linker
Linker Map File - Created Tue Aug 18 20:44:15 2020

                                 Section Info
                  Section       Type    Address   Location Size(Bytes)
                ---------  ---------  ---------  ---------  ---------
                   .org_0       code   0x000000    program   0x000000
                   .org_1       code   0x000000    program   0x000002
                   .org_2       code   0x000004    program   0x000040
 .config_2007_CALCDELAY.O       code   0x002007    program   0x000002



                              Program Memory Usage 
                               Start         End      
                           ---------   ---------      
                            0x000000    0x000000      
                            0x000004    0x000023      
                            0x002007    0x002007      
            34 out of 1094 program addresses used, program memory utilization is 3%



                              Symbols - Sorted by Name
                     Name    Address   Location    Storage File                     
                ---------  ---------  ---------  --------- ---------                
                     aux1   0x000016    program     static C:\Users\eleli\Documents\Cursos\Curso de Pic\Assembly Pic\PIC16F84A\CalcDelay\MPLAB\CalcDelay.asm
                     aux2   0x000018    program     static C:\Users\eleli\Documents\Cursos\Curso de Pic\Assembly Pic\PIC16F84A\CalcDelay\MPLAB\CalcDelay.asm
               delay500ms   0x000014    program     static C:\Users\eleli\Documents\Cursos\Curso de Pic\Assembly Pic\PIC16F84A\CalcDelay\MPLAB\CalcDelay.asm
                   inicio   0x000005    program     static C:\Users\eleli\Documents\Cursos\Curso de Pic\Assembly Pic\PIC16F84A\CalcDelay\MPLAB\CalcDelay.asm
                     loop   0x00000d    program     static C:\Users\eleli\Documents\Cursos\Curso de Pic\Assembly Pic\PIC16F84A\CalcDelay\MPLAB\CalcDelay.asm



                              Symbols - Sorted by Address
                     Name    Address   Location    Storage File                     
                ---------  ---------  ---------  --------- ---------                
                   inicio   0x000005    program     static C:\Users\eleli\Documents\Cursos\Curso de Pic\Assembly Pic\PIC16F84A\CalcDelay\MPLAB\CalcDelay.asm
                     loop   0x00000d    program     static C:\Users\eleli\Documents\Cursos\Curso de Pic\Assembly Pic\PIC16F84A\CalcDelay\MPLAB\CalcDelay.asm
               delay500ms   0x000014    program     static C:\Users\eleli\Documents\Cursos\Curso de Pic\Assembly Pic\PIC16F84A\CalcDelay\MPLAB\CalcDelay.asm
                     aux1   0x000016    program     static C:\Users\eleli\Documents\Cursos\Curso de Pic\Assembly Pic\PIC16F84A\CalcDelay\MPLAB\CalcDelay.asm
                     aux2   0x000018    program     static C:\Users\eleli\Documents\Cursos\Curso de Pic\Assembly Pic\PIC16F84A\CalcDelay\MPLAB\CalcDelay.asm


