MPLINK 4.49, Linker
Linker Map File - Created Wed Sep 09 10:40:25 2020

                                 Section Info
                  Section       Type    Address   Location Size(Bytes)
                ---------  ---------  ---------  ---------  ---------
                   .org_0       code   0x000000    program   0x000000
                   .org_1       code   0x000000    program   0x000002
                   .org_2       code   0x000004    program   0x000062
.config_2007_CONVERSAOAD.O       code   0x002007    program   0x000002



                              Program Memory Usage 
                               Start         End      
                           ---------   ---------      
                            0x000000    0x000000      
                            0x000004    0x000034      
                            0x002007    0x002007      
            51 out of 8454 program addresses used, program memory utilization is 0%



                              Symbols - Sorted by Name
                     Name    Address   Location    Storage File                     
                ---------  ---------  ---------  --------- ---------                
            configura_ADC   0x00002e    program     static C:\Users\eleli\Documents\Cursos\Curso de Pic\Assembly Pic\PIC16F876A\ConversaoAD\MPLAB\ConversaoAD.asm
           espera_leitura   0x000019    program     static C:\Users\eleli\Documents\Cursos\Curso de Pic\Assembly Pic\PIC16F876A\ConversaoAD\MPLAB\ConversaoAD.asm
                 exit_ISR   0x000008    program     static C:\Users\eleli\Documents\Cursos\Curso de Pic\Assembly Pic\PIC16F876A\ConversaoAD\MPLAB\ConversaoAD.asm
                   inicio   0x00000d    program     static C:\Users\eleli\Documents\Cursos\Curso de Pic\Assembly Pic\PIC16F876A\ConversaoAD\MPLAB\ConversaoAD.asm
              leitura_ADC   0x000017    program     static C:\Users\eleli\Documents\Cursos\Curso de Pic\Assembly Pic\PIC16F876A\ConversaoAD\MPLAB\ConversaoAD.asm
                     loop   0x000013    program     static C:\Users\eleli\Documents\Cursos\Curso de Pic\Assembly Pic\PIC16F876A\ConversaoAD\MPLAB\ConversaoAD.asm
                rotaciona   0x00001d    program     static C:\Users\eleli\Documents\Cursos\Curso de Pic\Assembly Pic\PIC16F876A\ConversaoAD\MPLAB\ConversaoAD.asm
               rotaciona2   0x000026    program     static C:\Users\eleli\Documents\Cursos\Curso de Pic\Assembly Pic\PIC16F876A\ConversaoAD\MPLAB\ConversaoAD.asm



                              Symbols - Sorted by Address
                     Name    Address   Location    Storage File                     
                ---------  ---------  ---------  --------- ---------                
                 exit_ISR   0x000008    program     static C:\Users\eleli\Documents\Cursos\Curso de Pic\Assembly Pic\PIC16F876A\ConversaoAD\MPLAB\ConversaoAD.asm
                   inicio   0x00000d    program     static C:\Users\eleli\Documents\Cursos\Curso de Pic\Assembly Pic\PIC16F876A\ConversaoAD\MPLAB\ConversaoAD.asm
                     loop   0x000013    program     static C:\Users\eleli\Documents\Cursos\Curso de Pic\Assembly Pic\PIC16F876A\ConversaoAD\MPLAB\ConversaoAD.asm
              leitura_ADC   0x000017    program     static C:\Users\eleli\Documents\Cursos\Curso de Pic\Assembly Pic\PIC16F876A\ConversaoAD\MPLAB\ConversaoAD.asm
           espera_leitura   0x000019    program     static C:\Users\eleli\Documents\Cursos\Curso de Pic\Assembly Pic\PIC16F876A\ConversaoAD\MPLAB\ConversaoAD.asm
                rotaciona   0x00001d    program     static C:\Users\eleli\Documents\Cursos\Curso de Pic\Assembly Pic\PIC16F876A\ConversaoAD\MPLAB\ConversaoAD.asm
               rotaciona2   0x000026    program     static C:\Users\eleli\Documents\Cursos\Curso de Pic\Assembly Pic\PIC16F876A\ConversaoAD\MPLAB\ConversaoAD.asm
            configura_ADC   0x00002e    program     static C:\Users\eleli\Documents\Cursos\Curso de Pic\Assembly Pic\PIC16F876A\ConversaoAD\MPLAB\ConversaoAD.asm


