MPLINK 4.49, Linker
Linker Map File - Created Tue Aug 25 21:47:11 2020

                                 Section Info
                  Section       Type    Address   Location Size(Bytes)
                ---------  ---------  ---------  ---------  ---------
                   .org_0       code   0x000000    program   0x000000
                   .org_1       code   0x000000    program   0x000002
                   .org_2       code   0x000004    program   0x000060
.config_2007_VARREDUTABOTOES.O       code   0x002007    program   0x000002



                              Program Memory Usage 
                               Start         End      
                           ---------   ---------      
                            0x000000    0x000000      
                            0x000004    0x000033      
                            0x002007    0x002007      
            50 out of 2182 program addresses used, program memory utilization is 2%



                              Symbols - Sorted by Name
                     Name    Address   Location    Storage File                     
                ---------  ---------  ---------  --------- ---------                
         complementa_Led1   0x000016    program     static C:\Users\eleli\Documents\Cursos\Curso de Pic\Assembly Pic\PIC16F628A\VarreduraBotoes\MPLAB\VarredutaBotoes.asm
         complementa_Led2   0x000019    program     static C:\Users\eleli\Documents\Cursos\Curso de Pic\Assembly Pic\PIC16F628A\VarreduraBotoes\MPLAB\VarredutaBotoes.asm
                 exit_ISR   0x00001b    program     static C:\Users\eleli\Documents\Cursos\Curso de Pic\Assembly Pic\PIC16F628A\VarreduraBotoes\MPLAB\VarredutaBotoes.asm
                   inicio   0x000020    program     static C:\Users\eleli\Documents\Cursos\Curso de Pic\Assembly Pic\PIC16F628A\VarreduraBotoes\MPLAB\VarredutaBotoes.asm
                     loop   0x000033    program     static C:\Users\eleli\Documents\Cursos\Curso de Pic\Assembly Pic\PIC16F628A\VarreduraBotoes\MPLAB\VarredutaBotoes.asm



                              Symbols - Sorted by Address
                     Name    Address   Location    Storage File                     
                ---------  ---------  ---------  --------- ---------                
         complementa_Led1   0x000016    program     static C:\Users\eleli\Documents\Cursos\Curso de Pic\Assembly Pic\PIC16F628A\VarreduraBotoes\MPLAB\VarredutaBotoes.asm
         complementa_Led2   0x000019    program     static C:\Users\eleli\Documents\Cursos\Curso de Pic\Assembly Pic\PIC16F628A\VarreduraBotoes\MPLAB\VarredutaBotoes.asm
                 exit_ISR   0x00001b    program     static C:\Users\eleli\Documents\Cursos\Curso de Pic\Assembly Pic\PIC16F628A\VarreduraBotoes\MPLAB\VarredutaBotoes.asm
                   inicio   0x000020    program     static C:\Users\eleli\Documents\Cursos\Curso de Pic\Assembly Pic\PIC16F628A\VarreduraBotoes\MPLAB\VarredutaBotoes.asm
                     loop   0x000033    program     static C:\Users\eleli\Documents\Cursos\Curso de Pic\Assembly Pic\PIC16F628A\VarreduraBotoes\MPLAB\VarredutaBotoes.asm


