MPLINK 4.49, Linker
Linker Map File - Created Tue Aug 25 21:08:36 2020

                                 Section Info
                  Section       Type    Address   Location Size(Bytes)
                ---------  ---------  ---------  ---------  ---------
                   .org_0       code   0x000000    program   0x000000
                   .org_1       code   0x000000    program   0x000002
                   .org_2       code   0x000004    program   0x00004e
 .config_2007_LEDTIMER0.O       code   0x002007    program   0x000002



                              Program Memory Usage 
                               Start         End      
                           ---------   ---------      
                            0x000000    0x000000      
                            0x000004    0x00002a      
                            0x002007    0x002007      
            41 out of 2182 program addresses used, program memory utilization is 1%



                              Symbols - Sorted by Name
                     Name    Address   Location    Storage File                     
                ---------  ---------  ---------  --------- ---------                
                 exit_ISR   0x000012    program     static C:\Users\eleli\Documents\Cursos\Curso de Pic\Assembly Pic\PIC16F628A\LedTimer0\MPLAB\LedTimer0.asm
                   inicio   0x000017    program     static C:\Users\eleli\Documents\Cursos\Curso de Pic\Assembly Pic\PIC16F628A\LedTimer0\MPLAB\LedTimer0.asm
                     loop   0x00002a    program     static C:\Users\eleli\Documents\Cursos\Curso de Pic\Assembly Pic\PIC16F628A\LedTimer0\MPLAB\LedTimer0.asm



                              Symbols - Sorted by Address
                     Name    Address   Location    Storage File                     
                ---------  ---------  ---------  --------- ---------                
                 exit_ISR   0x000012    program     static C:\Users\eleli\Documents\Cursos\Curso de Pic\Assembly Pic\PIC16F628A\LedTimer0\MPLAB\LedTimer0.asm
                   inicio   0x000017    program     static C:\Users\eleli\Documents\Cursos\Curso de Pic\Assembly Pic\PIC16F628A\LedTimer0\MPLAB\LedTimer0.asm
                     loop   0x00002a    program     static C:\Users\eleli\Documents\Cursos\Curso de Pic\Assembly Pic\PIC16F628A\LedTimer0\MPLAB\LedTimer0.asm


