MPLINK 4.49, Linker
Linker Map File - Created Thu Aug 20 09:57:33 2020

                                 Section Info
                  Section       Type    Address   Location Size(Bytes)
                ---------  ---------  ---------  ---------  ---------
                   .org_0       code   0x000000    program   0x000000
                   .org_1       code   0x000000    program   0x000002
                   .org_2       code   0x000004    program   0x000022
.config_2007_DESVIOCONDICIONAL.O       code   0x002007    program   0x000002



                              Program Memory Usage 
                               Start         End      
                           ---------   ---------      
                            0x000000    0x000000      
                            0x000004    0x000014      
                            0x002007    0x002007      
            19 out of 1094 program addresses used, program memory utilization is 1%



                              Symbols - Sorted by Name
                     Name    Address   Location    Storage File                     
                ---------  ---------  ---------  --------- ---------                
                      aux   0x000011    program     static C:\Users\eleli\Documents\Cursos\Curso de Pic\Assembly Pic\PIC16F84A\DesvioCondicional\MPLAB\DesvioCondicional.asm
                   inicio   0x000005    program     static C:\Users\eleli\Documents\Cursos\Curso de Pic\Assembly Pic\PIC16F84A\DesvioCondicional\MPLAB\DesvioCondicional.asm
                     loop   0x00000d    program     static C:\Users\eleli\Documents\Cursos\Curso de Pic\Assembly Pic\PIC16F84A\DesvioCondicional\MPLAB\DesvioCondicional.asm



                              Symbols - Sorted by Address
                     Name    Address   Location    Storage File                     
                ---------  ---------  ---------  --------- ---------                
                   inicio   0x000005    program     static C:\Users\eleli\Documents\Cursos\Curso de Pic\Assembly Pic\PIC16F84A\DesvioCondicional\MPLAB\DesvioCondicional.asm
                     loop   0x00000d    program     static C:\Users\eleli\Documents\Cursos\Curso de Pic\Assembly Pic\PIC16F84A\DesvioCondicional\MPLAB\DesvioCondicional.asm
                      aux   0x000011    program     static C:\Users\eleli\Documents\Cursos\Curso de Pic\Assembly Pic\PIC16F84A\DesvioCondicional\MPLAB\DesvioCondicional.asm


