MPLINK 4.49, Linker
Linker Map File - Created Tue Sep 01 16:54:52 2020

                                 Section Info
                  Section       Type    Address   Location Size(Bytes)
                ---------  ---------  ---------  ---------  ---------
                   .org_0       code   0x000000    program   0x000000
                   .org_1       code   0x000000    program   0x000002
                   .org_2       code   0x000004    program   0x00008c
.config_2007_DISPLAY7SEGMENTOS.O       code   0x002007    program   0x000002



                              Program Memory Usage 
                               Start         End      
                           ---------   ---------      
                            0x000000    0x000000      
                            0x000004    0x000049      
                            0x002007    0x002007      
            72 out of 2182 program addresses used, program memory utilization is 3%



                              Symbols - Sorted by Name
                     Name    Address   Location    Storage File                     
                ---------  ---------  ---------  --------- ---------                
                 adiciona   0x000047    program     static C:\Users\eleli\Documents\Cursos\Curso de Pic\Assembly Pic\PIC16F628A\Display7Segmentos\MPLAB\Display7Segmentos.asm
                  display   0x000034    program     static C:\Users\eleli\Documents\Cursos\Curso de Pic\Assembly Pic\PIC16F628A\Display7Segmentos\MPLAB\Display7Segmentos.asm
                 exit_ISR   0x000018    program     static C:\Users\eleli\Documents\Cursos\Curso de Pic\Assembly Pic\PIC16F628A\Display7Segmentos\MPLAB\Display7Segmentos.asm
                   inicio   0x00001d    program     static C:\Users\eleli\Documents\Cursos\Curso de Pic\Assembly Pic\PIC16F628A\Display7Segmentos\MPLAB\Display7Segmentos.asm
                     loop   0x000032    program     static C:\Users\eleli\Documents\Cursos\Curso de Pic\Assembly Pic\PIC16F628A\Display7Segmentos\MPLAB\Display7Segmentos.asm



                              Symbols - Sorted by Address
                     Name    Address   Location    Storage File                     
                ---------  ---------  ---------  --------- ---------                
                 exit_ISR   0x000018    program     static C:\Users\eleli\Documents\Cursos\Curso de Pic\Assembly Pic\PIC16F628A\Display7Segmentos\MPLAB\Display7Segmentos.asm
                   inicio   0x00001d    program     static C:\Users\eleli\Documents\Cursos\Curso de Pic\Assembly Pic\PIC16F628A\Display7Segmentos\MPLAB\Display7Segmentos.asm
                     loop   0x000032    program     static C:\Users\eleli\Documents\Cursos\Curso de Pic\Assembly Pic\PIC16F628A\Display7Segmentos\MPLAB\Display7Segmentos.asm
                  display   0x000034    program     static C:\Users\eleli\Documents\Cursos\Curso de Pic\Assembly Pic\PIC16F628A\Display7Segmentos\MPLAB\Display7Segmentos.asm
                 adiciona   0x000047    program     static C:\Users\eleli\Documents\Cursos\Curso de Pic\Assembly Pic\PIC16F628A\Display7Segmentos\MPLAB\Display7Segmentos.asm


