MPASM  5.51                     LCDCONFIG.ASM   9-10-2020  20:25:41         PAGE  1


LOC  OBJECT CODE     LINE SOURCE TEXT
  VALUE

                      00001 ;
                      00002 ;               O objetivo deste programa é realizar a configuração do display LCD, fazendo sua iniciali
                            zação. Na linguagem C do
                      00003 ;       MikroC, no curso de Pic em C, foi utilizada uma biblioteca para usar o LCD. Aqui, é demonstrada 
                            a forma de se inicia-
                      00004 ;       liza-lo do zero.
                      00005 ;               O código foi copiado da demonstração da aula, não fui eu que escrevi. Mas de qualquer fo
                            rma, o código foi intei-
                      00006 ;       ramente compreendido.
                      00007 ;
                      00008 ;               Na simulação e na prática o circuito e o programa funcionaram perfeitamente.    
                      00009 ;
                      00010 
                      00011 ; --- Listagem do Processador Utilizado ---
                      00012                 list    p=16f876a                                       ;utilizado PIC16F876A
                      00013                 
                      00014                 
                      00015 ;========================================================================================
                      00016 ; --- Opção Geral ---
                      00017                 radix   dec                                                     ;utilizar notação decima
                            l, quando não dito o contrário
                      00018                 
                      00019                 
                      00020 ;========================================================================================
                      00021 ; --- Arquivos Inclusos no Projeto ---
                      00022                 include <P16F876A.inc>
                      00001         LIST
                      00002 
                      00003 ;==========================================================================
                      00004 ;  MPASM PIC16F876A processor include
                      00005 ; 
                      00006 ;  (c) Copyright 1999-2013 Microchip Technology, All rights reserved
                      00007 ;==========================================================================
                      00008 
                      00524         LIST
                      00023                 
                      00024                 
                      00025 ;========================================================================================
                      00026 ; --- FUSE Bits ---
                      00027 ; - Cristal de 4MHz
                      00028 ; - Desabilitamos o Watch Dog Timer
                      00029 ; - Habilita o Power Up Timer
                      00030 ; - Brown Out desabilitado
                      00031 ; - Sem programação em baixa tensão, sem proteção de código, sem proteção da memória EEPROM
2007   3F39           00032         __config _XT_OSC & _WDT_OFF & _PWRTE_OFF & _CP_OFF & _LVP_OFF & _BODEN_OFF
                      00033         
                      00034         
                      00035 ;========================================================================================
                      00036 ; --- Paginação de Memória ---
                      00037         #define         bank0   bcf     STATUS,RP0              ;Cria um mnemônico para selecionar o ban
                            co 0 de memória
                      00038         #define         bank1   bsf     STATUS,RP0              ;Cria um mnemônico para selecionar o ban
                            co 1 de memória
MPASM  5.51                     LCDCONFIG.ASM   9-10-2020  20:25:41         PAGE  2


LOC  OBJECT CODE     LINE SOURCE TEXT
  VALUE

                      00039         
                      00040 
                      00041 ;========================================================================================
                      00042 ; --- Mapeamento de Hardware ---
                      00043         #define         LCD_DATA        PORTB                   ;dados LCD
                      00044         #define         RS                      PORTA,1                 ;register select LCD
                      00045         #define         RW                      PORTA,2                 ;read/write LCD
                      00046         #define         EN                      PORTA,3                 ;enable LCD
                      00047         
                      00048         
                      00049         
                      00050 ;========================================================================================
                      00051 ; --- Registradores de Uso Geral ---
                      00052         cblock          H'20'                                           ;Início da memória disponível pa
                            ra o usuário
                      00053 
                      00054         
  00000020            00055         W_TEMP                                                                  ;Registrador para armaze
                            nar o conteúdo temporário de work
  00000021            00056         STATUS_TEMP                                                             ;Registrador para armaze
                            nar o conteúdo temporário de STATUS
  00000022            00057         cmd                                                                             ;Registrador par
                            a comandos do LCD
  00000023            00058         T0                                                                              ;Registrador aux
                            iliar para temporização
  00000024            00059         T1                                                                              ;Registrador aux
                            iliar para temporização 
                      00060 
                      00061  
                      00062         endc                                                                    ;Final da memória do usu
                            ário
                      00063         
                      00064         
                      00065 ;========================================================================================
                      00066 ; --- Vetor de RESET ---
0000                  00067         org                     H'0000'                                         ;Origem no endereço 00h 
                            de memória
0000   280D           00068         goto            inicio                                          ;Desvia para a label início
                      00069         
                      00070         
                      00071 ;========================================================================================
                      00072 ; --- Vetor de Interrupção ---
0004                  00073         org                     H'0004'                                         ;As interrupções deste p
                            rocessador apontam para este endereço
                      00074         
                      00075 ; -- Salva Contexto --
0004   00A0           00076         movwf           W_TEMP                                          ;Copia o conteúdo de Work para W
                            _TEMP
0005   0E03           00077         swapf           STATUS,W                                        ;Move o conteúdo de STATUS com o
                            s nibbles invertidos para Work
0006   1283           00078         bank0                                                                   ;Seleciona o banco 0 de 
                            memória (padrão do RESET) 
0007   00A1           00079         movwf           STATUS_TEMP                                     ;Copia o conteúdo de STATUS com 
MPASM  5.51                     LCDCONFIG.ASM   9-10-2020  20:25:41         PAGE  3


LOC  OBJECT CODE     LINE SOURCE TEXT
  VALUE

                            os nibbles invertidos para STATUS_TEMP
                      00080 ; -- Final do Salvamento de Contexto --
                      00081 
                      00082 
                      00083  
                      00084 ; -- Recupera Contexto (Saída da Interrupção) --
0008                  00085 exit_ISR:
                      00086 
0008   0E21           00087         swapf           STATUS_TEMP,W                           ;Copia em Work o conteúdo de STATUS_TEMP
                             com os nibbles invertidos
0009   0083           00088         movwf           STATUS                                          ;Recupera o conteúdo de STATUS
000A   0EA0           00089         swapf           W_TEMP,F                                        ;W_TEMP = W_TEMP com os nibbles 
                            invertidos 
000B   0E20           00090         swapf           W_TEMP,W                                        ;Recupera o conteúdo de Work
                      00091         
000C   0009           00092         retfie                                                                  ;Retorna da interrupção
                      00093         
                      00094         
                      00095 ;========================================================================================       
                      00096 ; --- Principal ---
000D                  00097 inicio:
                      00098         
000D   1683           00099         bank1                                                                   ;seleciona o banco1 de m
                            emória
000E   300E           00100         movlw           H'0E'                                           ;move literal 0Eh para Work
Message[302]: Register in operand not in bank 0.  Ensure that bank bits are correct.
000F   009F           00101         movwf           ADCON1                                          ;apenas AN0 como analógico, just
                            ificado à esquerda
0010   3031           00102         movlw           H'31'                                           ;move literal 31h para Work
Message[302]: Register in operand not in bank 0.  Ensure that bank bits are correct.
0011   0085           00103         movwf           TRISA                                           ;configura RA1, RA2 e RA3 como s
                            aída
0012   3000           00104         movlw           H'00'                                           ;move literal 00h para Work
Message[302]: Register in operand not in bank 0.  Ensure that bank bits are correct.
0013   0086           00105         movwf           TRISB                                           ;configura PORTB como saída
                      00106                 
0014   1283           00107         bank0                                                                   ;seleciona o banco0 de m
                            emória
0015   0185           00108         clrf            PORTA                                           ;limpa PORTA
0016   0186           00109         clrf            PORTB                                           ;limpa PORTB
0017   3007           00110         movlw           H'07'                                           ;move literal 07h para work
Message[302]: Register in operand not in bank 0.  Ensure that bank bits are correct.
0018   009C           00111         movwf           CMCON                                           ;desabilita comparadores
                      00112         
0019   2040           00113         call            _500ms                                          ;aguarda 500ms
001A   201C           00114         call            lcd_init                                        ;inicializa LCD
                      00115         
                      00116 
                      00117         
                      00118  
                      00119         
                      00120         
                      00121 ;========================================================================================       
MPASM  5.51                     LCDCONFIG.ASM   9-10-2020  20:25:41         PAGE  4


LOC  OBJECT CODE     LINE SOURCE TEXT
  VALUE

                      00122 ; --- Loop Infinito ---
001B                  00123 loop:
                      00124 
                      00125 
                      00126         
                      00127         
001B   281B           00128         goto            loop                                            ;desvia de volta para label loop
                      00129         
                      00130         
                      00131 ;========================================================================================       
                      00132 ; --- Desenvolvimento das Sub Rotinas ---
                      00133 
                      00134 
                      00135 
                      00136 ;========================================================================================
                      00137 ; --- Sub Rotina para Inicializar LCD ---
001C                  00138 lcd_init:
                      00139 
001C   3038           00140         movlw           H'38'                                   ;move literal 38h para work
001D   2025           00141     call        lcd_command                                     ;envia comando para LCD modo 8 bits
                      00142                                                                                 ;LCD com 2 linhas
                      00143                                                                                 ;Resolução dos caractere
                            s: 5x7 pontos
                      00144 
001E   300F           00145     movlw       H'0F'                                   ;move literal 0Fh para work
001F   2025           00146     call        lcd_command                             ;liga Display
                      00147                                                                                 ;liga Cursor
                      00148                                                                                 ;habilita modo Blink
                      00149 
0020   3006           00150     movlw       H'06'                                   ;move literal 06h para work
0021   2025           00151     call        lcd_command                             ;incremento do display/deslocamento do cursor
                      00152 
0022   3001           00153     movlw       H'01'                                   ;move literal 01h para work
0023   2025           00154     call        lcd_command                             ;limpa display
                      00155     
0024   3400           00156     retlw       H'00'                                   ;retorna limpando work
                      00157     
                      00158     
                      00159 ;========================================================================================
                      00160 ; --- Sub Rotina para envio de Comandos LCD ---
0025                  00161 lcd_command:
0025   00A2           00162     movwf       cmd                                     ;move o conteúdo de work para cmd
0026   202E           00163     call        BUSY_CHECK                              ;aguarda LCD ficar pronto
0027   1105           00164         bcf             RW                                              ;LCD em modo leitura
0028   1085           00165     bcf         RS                                              ;LCD em modo comando
0029   1585           00166         bsf             EN                                              ;habilita LCD
002A   0822           00167     movf        cmd,W                                   ;move conteúdo de cmd para work
002B   0086           00168     movwf       LCD_DATA                                ;envia dado para o LCD
002C   1185           00169     bcf         EN                                                      ;desabilita LCD
002D   3400           00170     retlw       H'00'                                           ;retorna limpando work
                      00171 
                      00172 
                      00173 ;========================================================================================
MPASM  5.51                     LCDCONFIG.ASM   9-10-2020  20:25:41         PAGE  5


LOC  OBJECT CODE     LINE SOURCE TEXT
  VALUE

                      00174 ; --- Sub Rotina para checar a Busy Flag ---
002E                  00175 BUSY_CHECK:
002E   1683           00176         bank1                                                           ;Seleciona banco 1 de memória
002F   30FF           00177     movlw       H'FF'                                   ;move literal FFh para work
Message[302]: Register in operand not in bank 0.  Ensure that bank bits are correct.
0030   0086           00178     movwf       TRISB                                           ;configura todo PORTB como entrada
0031   1283           00179     bank0                                                               ;Seleciona banco 0 de memória
0032   1085           00180     bcf         RS                                              ;LCD em modo comando
0033   1505           00181     bsf         RW                                              ;LCD em modo escrita
0034   1585           00182     bsf         EN                                              ;habilita LCD
0035   0806           00183     movf        LCD_DATA,W                              ;le o busy flag, endereco DDram 
0036   1185           00184     bcf         EN                                              ;desabilita LCD
0037   3980           00185     andlw       H'80'                                           ;Limpa bits não utilizados
0038   1D03           00186         btfss           STATUS, Z                                       ;chegou em zero?
0039   282E           00187     goto        BUSY_CHECK                                      ;não, continua teste
                      00188     
003A                  00189 lcdnobusy:                                                                      ;sim
003A   1105           00190     bcf         RW                                              ;LCD em modo leitura     
003B   1683           00191     bank1                                                               ;Seleciona banco 1 de memória
003C   3000           00192     movlw       H'00'                                           ;move literal 00h para work
Message[302]: Register in operand not in bank 0.  Ensure that bank bits are correct.
003D   0086           00193     movwf       TRISB                                           ;configura todo PORTB como saída
003E   1283           00194     bank0                                                               ;Seleciona banco 0 de memória
003F   3400           00195     retlw       H'00'                                           ;retorna limpando work
                      00196 
                      00197 
                      00198 ;========================================================================================
                      00199 ; --- Sub Rotina para atraso de 500ms ---
0040                  00200 _500ms:                                                                         ;Rotina para atraso de 5
                            00ms
                      00201 
0040   30C8           00202         movlw           D'200'                                          ;Move o valor para W
0041   00A3           00203         movwf           T0                                                      ;Inicializa tempo0 
                      00204 
                      00205                                                                                         ; 4 ciclos de má
                            quina
                      00206 
0042                  00207 aux1:
0042   30FA           00208         movlw           D'250'                                          ;Move o valor para W
0043   00A4           00209         movwf           T1                                                      ;Inicializa tempo1
                      00210         
                      00211                                                                                         ; 2 ciclos de má
                            quina
                      00212 
0044                  00213 aux2:
0044   0000           00214         nop                                                                             ;no operation | 
                            1 ciclo de máquina
0045   0000           00215         nop                                                                             ;no operation | 
                            1 ciclo de máquina
0046   0000           00216         nop                                                                             ;no operation | 
                            1 ciclo de máquina
0047   0000           00217         nop                                                                             ;no operation | 
                            1 ciclo de máquina
MPASM  5.51                     LCDCONFIG.ASM   9-10-2020  20:25:41         PAGE  6


LOC  OBJECT CODE     LINE SOURCE TEXT
  VALUE

0048   0000           00218         nop                                                                             ;no operation | 
                            1 ciclo de máquina
0049   0000           00219         nop                                                                             ;no operation | 
                            1 ciclo de máquina
004A   0000           00220         nop                                                                             ;no operation | 
                            1 ciclo de máquina
                      00221 
Message[305]: Using default destination of 1 (file).
004B   0BA4           00222         decfsz          T1                                                      ;Decrementa tempo1 até q
                            ue seja igual a zero
004C   2844           00223         goto            aux2                                            ;Vai para a label aux2 
                      00224 
                      00225                                                                                         ; 250 x 10 ciclo
                            s de máquina = 2500 ciclos
                      00226 
Message[305]: Using default destination of 1 (file).
004D   0BA3           00227         decfsz          T0                                                      ;Decrementa tempo0 até q
                            ue seja igual a zero
004E   2842           00228         goto            aux1                                            ;Vai para a label aux1
                      00229 
                      00230                                                                                         ; 3 ciclos de má
                            quina
                      00231 
                      00232                                                                                         ; 2500 x 200 = 5
                            00000
                      00233 
004F   0008           00234         return                                                                  ;Retorna após a chamada 
                            da sub rotina
                      00235  
                      00236         
                      00237 ;========================================================================================       
                      00238 ; --- Final do Programa ---     
                      00239         end
MPASM  5.51                     LCDCONFIG.ASM   9-10-2020  20:25:41         PAGE  7


SYMBOL TABLE
  LABEL                             VALUE 

ACKDT                             00000005
ACKEN                             00000004
ACKSTAT                           00000006
ADCON0                            0000001F
ADCON1                            0000009F
ADCS0                             00000006
ADCS1                             00000007
ADCS2                             00000006
ADDEN                             00000003
ADFM                              00000007
ADIE                              00000006
ADIF                              00000006
ADON                              00000000
ADRESH                            0000001E
ADRESL                            0000009E
BCLIE                             00000003
BCLIF                             00000003
BF                                00000000
BRGH                              00000002
BUSY_CHECK                        0000002E
C                                 00000000
C1INV                             00000004
C1OUT                             00000006
C2INV                             00000005
C2OUT                             00000007
CCP1CON                           00000017
CCP1IE                            00000002
CCP1IF                            00000002
CCP1M0                            00000000
CCP1M1                            00000001
CCP1M2                            00000002
CCP1M3                            00000003
CCP1X                             00000005
CCP1Y                             00000004
CCP2CON                           0000001D
CCP2IE                            00000000
CCP2IF                            00000000
CCP2M0                            00000000
CCP2M1                            00000001
CCP2M2                            00000002
CCP2M3                            00000003
CCP2X                             00000005
CCP2Y                             00000004
CCPR1                             00000015
CCPR1H                            00000016
CCPR1L                            00000015
CCPR2                             0000001B
CCPR2H                            0000001C
CCPR2L                            0000001B
CHS0                              00000003
CHS1                              00000004
CHS2                              00000005
CIS                               00000003
MPASM  5.51                     LCDCONFIG.ASM   9-10-2020  20:25:41         PAGE  8


SYMBOL TABLE
  LABEL                             VALUE 

CKE                               00000006
CKP                               00000004
CM0                               00000000
CM1                               00000001
CM2                               00000002
CMCON                             0000009C
CMIE                              00000006
CMIF                              00000006
CREN                              00000004
CSRC                              00000007
CVR0                              00000000
CVR1                              00000001
CVR2                              00000002
CVR3                              00000003
CVRCON                            0000009D
CVREN                             00000007
CVROE                             00000006
CVRR                              00000005
D                                 00000005
DATA_ADDRESS                      00000005
DC                                00000001
D_A                               00000005
D_NOT_A                           00000005
EEADR                             0000010D
EEADRH                            0000010F
EECON1                            0000018C
EECON2                            0000018D
EEDATA                            0000010C
EEDATH                            0000010E
EEIE                              00000004
EEIF                              00000004
EEPGD                             00000007
EN                                PORTA,3
F                                 00000001
FERR                              00000002
FSR                               00000004
GCEN                              00000007
GIE                               00000007
GO                                00000002
GO_DONE                           00000002
GO_NOT_DONE                       00000002
I2C_DATA                          00000005
I2C_READ                          00000002
I2C_START                         00000003
I2C_STOP                          00000004
INDF                              00000000
INTCON                            0000000B
INTE                              00000004
INTEDG                            00000006
INTF                              00000001
IRP                               00000007
LCD_DATA                          PORTB
NOT_A                             00000005
MPASM  5.51                     LCDCONFIG.ASM   9-10-2020  20:25:41         PAGE  9


SYMBOL TABLE
  LABEL                             VALUE 

NOT_ADDRESS                       00000005
NOT_BO                            00000000
NOT_BOR                           00000000
NOT_DONE                          00000002
NOT_PD                            00000003
NOT_POR                           00000001
NOT_RBPU                          00000007
NOT_RC8                           00000006
NOT_T1SYNC                        00000002
NOT_TO                            00000004
NOT_TX8                           00000006
NOT_W                             00000002
NOT_WRITE                         00000002
OERR                              00000001
OPTION_REG                        00000081
P                                 00000004
PCFG0                             00000000
PCFG1                             00000001
PCFG2                             00000002
PCFG3                             00000003
PCL                               00000002
PCLATH                            0000000A
PCON                              0000008E
PEIE                              00000006
PEN                               00000002
PIE1                              0000008C
PIE2                              0000008D
PIR1                              0000000C
PIR2                              0000000D
PORTA                             00000005
PORTB                             00000006
PORTC                             00000007
PR2                               00000092
PS0                               00000000
PS1                               00000001
PS2                               00000002
PSA                               00000003
R                                 00000002
RA0                               00000000
RA1                               00000001
RA2                               00000002
RA3                               00000003
RA4                               00000004
RA5                               00000005
RB0                               00000000
RB1                               00000001
RB2                               00000002
RB3                               00000003
RB4                               00000004
RB5                               00000005
RB6                               00000006
RB7                               00000007
RBIE                              00000003
MPASM  5.51                     LCDCONFIG.ASM   9-10-2020  20:25:41         PAGE 10


SYMBOL TABLE
  LABEL                             VALUE 

RBIF                              00000000
RC0                               00000000
RC1                               00000001
RC2                               00000002
RC3                               00000003
RC4                               00000004
RC5                               00000005
RC6                               00000006
RC7                               00000007
RC8_9                             00000006
RC9                               00000006
RCD8                              00000000
RCEN                              00000003
RCIE                              00000005
RCIF                              00000005
RCREG                             0000001A
RCSTA                             00000018
RD                                00000000
READ_WRITE                        00000002
RP0                               00000005
RP1                               00000006
RS                                PORTA,1
RSEN                              00000001
RW                                PORTA,2
RX9                               00000006
RX9D                              00000000
R_NOT_W                           00000002
R_W                               00000002
S                                 00000003
SEN                               00000000
SMP                               00000007
SPBRG                             00000099
SPEN                              00000007
SREN                              00000005
SSPADD                            00000093
SSPBUF                            00000013
SSPCON                            00000014
SSPCON2                           00000091
SSPEN                             00000005
SSPIE                             00000003
SSPIF                             00000003
SSPM0                             00000000
SSPM1                             00000001
SSPM2                             00000002
SSPM3                             00000003
SSPOV                             00000006
SSPSTAT                           00000094
STATUS                            00000003
STATUS_TEMP                       00000021
SYNC                              00000004
T0                                00000023
T0CS                              00000005
T0IE                              00000005
MPASM  5.51                     LCDCONFIG.ASM   9-10-2020  20:25:41         PAGE 11


SYMBOL TABLE
  LABEL                             VALUE 

T0IF                              00000002
T0SE                              00000004
T1                                00000024
T1CKPS0                           00000004
T1CKPS1                           00000005
T1CON                             00000010
T1INSYNC                          00000002
T1OSCEN                           00000003
T1SYNC                            00000002
T2CKPS0                           00000000
T2CKPS1                           00000001
T2CON                             00000012
TMR0                              00000001
TMR0IE                            00000005
TMR0IF                            00000002
TMR1                              0000000E
TMR1CS                            00000001
TMR1H                             0000000F
TMR1IE                            00000000
TMR1IF                            00000000
TMR1L                             0000000E
TMR1ON                            00000000
TMR2                              00000011
TMR2IE                            00000001
TMR2IF                            00000001
TMR2ON                            00000002
TOUTPS0                           00000003
TOUTPS1                           00000004
TOUTPS2                           00000005
TOUTPS3                           00000006
TRISA                             00000085
TRISA0                            00000000
TRISA1                            00000001
TRISA2                            00000002
TRISA3                            00000003
TRISA4                            00000004
TRISA5                            00000005
TRISB                             00000086
TRISB0                            00000000
TRISB1                            00000001
TRISB2                            00000002
TRISB3                            00000003
TRISB4                            00000004
TRISB5                            00000005
TRISB6                            00000006
TRISB7                            00000007
TRISC                             00000087
TRISC0                            00000000
TRISC1                            00000001
TRISC2                            00000002
TRISC3                            00000003
TRISC4                            00000004
TRISC5                            00000005
MPASM  5.51                     LCDCONFIG.ASM   9-10-2020  20:25:41         PAGE 12


SYMBOL TABLE
  LABEL                             VALUE 

TRISC6                            00000006
TRISC7                            00000007
TRMT                              00000001
TX8_9                             00000006
TX9                               00000006
TX9D                              00000000
TXD8                              00000000
TXEN                              00000005
TXIE                              00000004
TXIF                              00000004
TXREG                             00000019
TXSTA                             00000098
UA                                00000001
W                                 00000000
WCOL                              00000007
WR                                00000001
WREN                              00000002
WRERR                             00000003
W_TEMP                            00000020
Z                                 00000002
_500ms                            00000040
_BODEN_OFF                        00003FBF
_BODEN_ON                         00003FFF
_BOREN_OFF                        00003FBF
_BOREN_ON                         00003FFF
_CONFIG                           00002007
_CPD_OFF                          00003FFF
_CPD_ON                           00003EFF
_CP_ALL                           00001FFF
_CP_OFF                           00003FFF
_CP_ON                            00001FFF
_DEBUG_OFF                        00003FFF
_DEBUG_ON                         000037FF
_DEVID1                           00002006
_FOSC_EXTRC                       00003FFF
_FOSC_HS                          00003FFE
_FOSC_LP                          00003FFC
_FOSC_XT                          00003FFD
_HS_OSC                           00003FFE
_IDLOC0                           00002000
_IDLOC1                           00002001
_IDLOC2                           00002002
_IDLOC3                           00002003
_LP_OSC                           00003FFC
_LVP_OFF                          00003F7F
_LVP_ON                           00003FFF
_PWRTE_OFF                        00003FFF
_PWRTE_ON                         00003FF7
_RC_OSC                           00003FFF
_WDTE_OFF                         00003FFB
_WDTE_ON                          00003FFF
_WDT_OFF                          00003FFB
_WDT_ON                           00003FFF
MPASM  5.51                     LCDCONFIG.ASM   9-10-2020  20:25:41         PAGE 13


SYMBOL TABLE
  LABEL                             VALUE 

_WRT_1FOURTH                      00003BFF
_WRT_256                          00003DFF
_WRT_HALF                         000039FF
_WRT_OFF                          00003FFF
_XT_OSC                           00003FFD
__16F876A                         00000001
__DEBUG                           1
aux1                              00000042
aux2                              00000044
bank0                             bcf     STATUS,RP0
bank1                             bsf     STATUS,RP0
cmd                               00000022
exit_ISR                          00000008
inicio                            0000000D
lcd_command                       00000025
lcd_init                          0000001C
lcdnobusy                         0000003A
loop                              0000001B


MEMORY USAGE MAP ('X' = Used,  '-' = Unused)

0000 : X---XXXXXXXXXXXX XXXXXXXXXXXXXXXX XXXXXXXXXXXXXXXX XXXXXXXXXXXXXXXX
0040 : XXXXXXXXXXXXXXXX ---------------- ---------------- ----------------
2000 : -------X-------- ---------------- ---------------- ----------------

All other memory blocks unused.

Program Memory Words Used:    77
Program Memory Words Free:  8115


Errors   :     0
Warnings :     0 reported,     0 suppressed
Messages :     8 reported,     0 suppressed

