MPLINK 4.49, Linker
Linker Map File - Created Fri Aug 21 16:55:44 2020

                                 Section Info
                  Section       Type    Address   Location Size(Bytes)
                ---------  ---------  ---------  ---------  ---------
                   .org_0       code   0x000000    program   0x000000
                   .org_1       code   0x000000    program   0x000002
                   .org_2       code   0x000004    program   0x000028
.config_2007_ANTIBOUNCING.O       code   0x002007    program   0x000002



                              Program Memory Usage 
                               Start         End      
                           ---------   ---------      
                            0x000000    0x000000      
                            0x000004    0x000017      
                            0x002007    0x002007      
            22 out of 2182 program addresses used, program memory utilization is 1%



                              Symbols - Sorted by Name
                     Name    Address   Location    Storage File                     
                ---------  ---------  ---------  --------- ---------                
                   inicio   0x000005    program     static C:\Users\eleli\Documents\Cursos\Curso de Pic\Assembly Pic\PIC16F628A\AntiBouncing\MPLAB\AntiBouncing.asm
            leitura_botao   0x000012    program     static C:\Users\eleli\Documents\Cursos\Curso de Pic\Assembly Pic\PIC16F628A\AntiBouncing\MPLAB\AntiBouncing.asm
                     loop   0x000010    program     static C:\Users\eleli\Documents\Cursos\Curso de Pic\Assembly Pic\PIC16F628A\AntiBouncing\MPLAB\AntiBouncing.asm



                              Symbols - Sorted by Address
                     Name    Address   Location    Storage File                     
                ---------  ---------  ---------  --------- ---------                
                   inicio   0x000005    program     static C:\Users\eleli\Documents\Cursos\Curso de Pic\Assembly Pic\PIC16F628A\AntiBouncing\MPLAB\AntiBouncing.asm
                     loop   0x000010    program     static C:\Users\eleli\Documents\Cursos\Curso de Pic\Assembly Pic\PIC16F628A\AntiBouncing\MPLAB\AntiBouncing.asm
            leitura_botao   0x000012    program     static C:\Users\eleli\Documents\Cursos\Curso de Pic\Assembly Pic\PIC16F628A\AntiBouncing\MPLAB\AntiBouncing.asm


