MPASM  5.51    TENSAOREFINTERNACOMPARADOR.ASM   9-3-2020  12:30:28         PAGE  1


LOC  OBJECT CODE     LINE SOURCE TEXT
  VALUE

                      00001 ;
                      00002 ;               Este programa tem a função de configurar uma tensão de referência interna para o compara
                            dor do Pic, a partir do
                      00003 ;       registrador VRCON. Essa referência interna funcionará semelhante a referência feita nas últimas 
                            aulas sobre o com-
                      00004 ;       parador interno, com a diferença que a referência interna é conectada nas entradas não-inversora
                            s do comparador. 
                      00005 ;       Assim, caso a tensão do potenciômetro que será conectado na porta inversora seja maior que a ref
                            erência, a saída do
                      00006 ;       comparador terá nível baixo. Por software, no registrador CMCON, pode-se inverter essa lógica de
                             comparação, fazendo
                      00007 ;       com que, quando a tensão na porta inversora for maior, a saída apresente nível lógico alto. Seri
                            a uma lógica inversa
                      00008 ;       se comparação.
                      00009 ;               Como tensão de referência, será configurada uma tensão de 2,5V. No registrador VRCON, ca
                            so configure-se o range de
                      00010 ;       referência em "Low Range", fazendo a flag VRR = 0 configura-se a tensão de referência de acordo 
                            com a equação abaixo:
                      00011 ;       
                      00012 ;                               VR<3:0>                                 |->                     Sendo VR
                            <3:0>: um valor de 0 a 15d 
                      00013 ;               Vref = --------- x VDD                  |->                     VDD: A tensão de aliment
                            ação do Pic
                      00014 ;                                 24                                    
                      00015 ;
                      00016 ;                                       Vref                    2,5V
                      00017 ;               VR<3:0> =  ------- x 24 = -------- x 24 = 12
                      00018 ;                                        VDD                     5V
                      00019 ;
                      00020 ;               VR<3:0> = 12d = 1100b = Ch
                      00021 ;
                      00022 ;               Tal tensão de referência também pode ser usada externamente, conectando ela ao pino RA2,
                             para outras aplicações.
                      00023 ;
                      00024 ;
                      00025 ;               Na simulação e na prática o circuito e o programa funcionaram perfeitamente.            
                      00026 ;
                      00027 
                      00028         list            p=16f628a                                       ; Informa o microcontrolador uti
                            lizado
                      00029         
                      00030 
                      00031 ; --- Documentação ---
                      00032 
                      00033         #include        <p16f628a.inc>                          ; Inclui o documento que contém os regis
                            tradores do Pic
                      00001         LIST
                      00002 
                      00003 ;==========================================================================
                      00004 ;  MPASM PIC16F628A processor include
                      00005 ; 
                      00006 ;  (c) Copyright 1999-2013 Microchip Technology, All rights reserved
                      00007 ;==========================================================================
MPASM  5.51    TENSAOREFINTERNACOMPARADOR.ASM   9-3-2020  12:30:28         PAGE  2


LOC  OBJECT CODE     LINE SOURCE TEXT
  VALUE

                      00008 
                      00385         LIST
                      00034         
                      00035 ; --- Fuse bits ---
                      00036 
2007   3F21           00037         __config        _XT_OSC & _WDT_OFF & _PWRTE_ON & _MCLRE_ON & _BOREN_OFF & _LVP_OFF & _CPD_OFF & 
                            _CP_OFF
                      00038         
                      00039 ; Configura clock em 4MHz, ativa o Power Up Timer e ativa o Master Clear
                      00040 
                      00041 ; --- Paginação de memória ---
                      00042 
                      00043         #define         bank0   bcf     STATUS,RP0              ; Cria mnemônico para selecionar banco 0
                             de memória
                      00044         #define         bank1   bsf     STATUS,RP0              ; Cria mnemônico para selecionar banco 1
                             de memória 
                      00045         
                      00046 ; --- Mapeamento de hardware ---
                      00047 
                      00048         #define         led1    PORTB,0                         ; Cria mnemônico para led1 em RA3
                      00049         #define         led2    PORTB,1                         ; Cria mnemônico para led2 em RA2
                      00050         #define         botao1  PORTB,7                         ; Cria mnemônico para botao1 em RB0
                      00051         
                      00052 ; --- Registradores de uso geral ---
                      00053 
                      00054         cblock          H'20'                                           ; Endereço de início para config
                            uração de registradores de uso geral
                      00055         
  00000020            00056         W_TEMP                                                                  ; Armazena o conteúdo de
                             w temporariamente
  00000021            00057         STATUS_TEMP                                                             ; Armazena o conteúdo de
                             STATUS temporariamente
                      00058         
                      00059         endc                                                                    ; Fim da configuração do
                            s registradores de uso geral
                      00060         
                      00061 ; --- Vetor de Reset ---
                      00062 
0000                  00063         org                     H'0000'                                         ; Origem do endereço de 
                            memória para o vetor de Reset
                      00064         
0000   2815           00065         goto            inicio                                          ; Desvia para label do programa 
                            principal
                      00066         
                      00067 ; --- Vetor de Interrupção ---
                      00068 
0004                  00069         org                     H'0004'                                         ; Origem do endereço de 
                            memória para o vetor de Interrupção
                      00070         
                      00071 ; -- Salvamento de contexto --
                      00072 
0004   00A0           00073         movwf           W_TEMP                                          ; W_TEMP = w
0005   0E03           00074         swapf           STATUS,w                                        ; w = STATUS (com nibbles invert
MPASM  5.51    TENSAOREFINTERNACOMPARADOR.ASM   9-3-2020  12:30:28         PAGE  3


LOC  OBJECT CODE     LINE SOURCE TEXT
  VALUE

                            idos)
0006   1283           00075         bank0                                                                   ; Seleciona banco 0 de m
                            emória
0007   00A1           00076         movwf           STATUS_TEMP                                     ; STATUS_TEMP = STATUS (com nibb
                            les invertidos)
                      00077         
                      00078 ; -- Fim do salvamento de contexto --
                      00079 
                      00080         ; Desenvolvimento da ISR...
                      00081         
0008   1F0C           00082         btfss           PIR1,CMIF                                       ; Testa se flag CMIF setou, se s
                            im, pula uma linha
0009   2810           00083         goto            exit_ISR                                        ; Se não setou, sai da interrupç
                            ão
000A   130C           00084         bcf                     PIR1,CMIF                                       ; Limpa flag CMIF
                      00085         
000B   1B1F           00086         btfsc           CMCON,C1OUT                                     ; Testa se a saída do comparador
                             é Low, se for, pula uma linha
000C   280F           00087         goto            acende_Led                                      ; Se não for, desvia para label 
                            acende_Led
000D   1006           00088         bcf                     led1                                            ; Apaga led1
000E   2810           00089         goto            exit_ISR                                        ; Sai da interrupção
                      00090         
000F                  00091 acende_Led:
                      00092 
000F   1406           00093         bsf                     led1                                            ; Acende led1
                      00094         
                      00095 ; -- Recuperação de contexto --
                      00096 
0010                  00097 exit_ISR:
                      00098 
0010   0E21           00099         swapf           STATUS_TEMP,w                           ; w = STATUS (original)
0011   0083           00100         movwf           STATUS                                          ; STATUS = STATUS (original)
0012   0EA0           00101         swapf           W_TEMP,F                                        ; W_TEMP = w (com nibbles invert
                            idos)
0013   0E20           00102         swapf           W_TEMP,w                                        ; w = w (original)
                      00103         
0014   0009           00104         retfie                                                                  ; Retorna para endereço 
                            que estava quando ocorreu a interrupção
                      00105         
                      00106 ; -- Fim da recuperação de contexto --
                      00107 
                      00108 
                      00109 ; --- Programa principal --- 
                      00110 
0015                  00111 inicio:                                                                         ; Cria label para progra
                            ma principal
                      00112 
0015   1683           00113         bank1                                                                   ; Seleciona o banco 1 de
                             memória
0016   30FF           00114         movlw           H'FF'                                           ; w = FFh
Message[302]: Register in operand not in bank 0.  Ensure that bank bits are correct.
0017   0085           00115         movwf           TRISA                                           ; Configura todo PORTA como entr
MPASM  5.51    TENSAOREFINTERNACOMPARADOR.ASM   9-3-2020  12:30:28         PAGE  4


LOC  OBJECT CODE     LINE SOURCE TEXT
  VALUE

                            ada
0018   30FE           00116         movlw           H'FE'                                           ; w = FEh 
Message[302]: Register in operand not in bank 0.  Ensure that bank bits are correct.
0019   0086           00117         movwf           TRISB                                           ; Configura apenas RB0 como saíd
                            a digital, o resto como entrada
Message[302]: Register in operand not in bank 0.  Ensure that bank bits are correct.
001A   170C           00118         bsf                     PIE1,CMIE                                       ; Ativa a interrupção do
                            s comparador internos
001B   30AC           00119         movlw           H'AC'                                           ; w = ACh
Message[302]: Register in operand not in bank 0.  Ensure that bank bits are correct.
001C   009F           00120         movwf           VRCON                                           ; Habilita a tensão de referênci
                            a interna, sem RA2, Low Range, VR = 12d = Ch
001D   1283           00121         bank0                                                                   ; Seleciona banco 0 de m
                            emória
001E   3002           00122         movlw           H'02'                                           ; w = 02F
001F   009F           00123         movwf           CMCON                                           ; Comparador com referência de t
                            ensão interna e entrada inversora 1 em RA0
0020   30C0           00124         movlw           H'C0'                                           ; w = C0h
0021   008B           00125         movwf           INTCON                                          ; Ativa a interrupção global e p
                            or periféricos
                      00126         
0022   1006           00127         bcf                     led1                                            ; Inicia led1 em Low
                      00128 
                      00129 
                      00130 ; --- Loop infinito ---
                      00131 
0023                  00132 loop:                                                                           ; Cria label para loop i
                            nfinito
                      00133 
                      00134 
                      00135 
0023   2823           00136         goto            loop                                            ; Loop infinito
                      00137         
                      00138 
                      00139 ; --- Sub Rotinas --- 
                      00140 
                      00141         
                      00142         
                      00143         
                      00144 ; --- Fim do programa ---
                      00145 
Warning[205]: Found directive in column 1. (end)
                      00146 end                                                                                     ; Final do progr
                            ama
MPASM  5.51    TENSAOREFINTERNACOMPARADOR.ASM   9-3-2020  12:30:28         PAGE  5


SYMBOL TABLE
  LABEL                             VALUE 

ADDEN                             00000003
ADEN                              00000003
BRGH                              00000002
C                                 00000000
C1INV                             00000004
C1OUT                             00000006
C2INV                             00000005
C2OUT                             00000007
CCP1CON                           00000017
CCP1IE                            00000002
CCP1IF                            00000002
CCP1M0                            00000000
CCP1M1                            00000001
CCP1M2                            00000002
CCP1M3                            00000003
CCP1X                             00000005
CCP1Y                             00000004
CCPR1                             00000015
CCPR1H                            00000016
CCPR1L                            00000015
CIS                               00000003
CM0                               00000000
CM1                               00000001
CM2                               00000002
CMCON                             0000001F
CMIE                              00000006
CMIF                              00000006
CREN                              00000004
CSRC                              00000007
DATA_CP_OFF                       00003FFF
DATA_CP_ON                        00003EFF
DC                                00000001
EEADR                             0000009B
EECON1                            0000009C
EECON2                            0000009D
EEDATA                            0000009A
EEIE                              00000007
EEIF                              00000007
F                                 00000001
FERR                              00000002
FSR                               00000004
GIE                               00000007
INDF                              00000000
INTCON                            0000000B
INTE                              00000004
INTEDG                            00000006
INTF                              00000001
IRP                               00000007
NOT_BO                            00000000
NOT_BOD                           00000000
NOT_BOR                           00000000
NOT_PD                            00000003
NOT_POR                           00000001
MPASM  5.51    TENSAOREFINTERNACOMPARADOR.ASM   9-3-2020  12:30:28         PAGE  6


SYMBOL TABLE
  LABEL                             VALUE 

NOT_RBPU                          00000007
NOT_T1SYNC                        00000002
NOT_TO                            00000004
OERR                              00000001
OPTION_REG                        00000081
OSCF                              00000003
PCL                               00000002
PCLATH                            0000000A
PCON                              0000008E
PEIE                              00000006
PIE1                              0000008C
PIR1                              0000000C
PORTA                             00000005
PORTB                             00000006
PR2                               00000092
PS0                               00000000
PS1                               00000001
PS2                               00000002
PSA                               00000003
RA0                               00000000
RA1                               00000001
RA2                               00000002
RA3                               00000003
RA4                               00000004
RA5                               00000005
RA6                               00000006
RA7                               00000007
RB0                               00000000
RB1                               00000001
RB2                               00000002
RB3                               00000003
RB4                               00000004
RB5                               00000005
RB6                               00000006
RB7                               00000007
RBIE                              00000003
RBIF                              00000000
RCIE                              00000005
RCIF                              00000005
RCREG                             0000001A
RCSTA                             00000018
RD                                00000000
RP0                               00000005
RP1                               00000006
RX9                               00000006
RX9D                              00000000
SPBRG                             00000099
SPEN                              00000007
SREN                              00000005
STATUS                            00000003
STATUS_TEMP                       00000021
SYNC                              00000004
T0CS                              00000005
MPASM  5.51    TENSAOREFINTERNACOMPARADOR.ASM   9-3-2020  12:30:28         PAGE  7


SYMBOL TABLE
  LABEL                             VALUE 

T0IE                              00000005
T0IF                              00000002
T0SE                              00000004
T1CKPS0                           00000004
T1CKPS1                           00000005
T1CON                             00000010
T1OSCEN                           00000003
T2CKPS0                           00000000
T2CKPS1                           00000001
T2CON                             00000012
TMR0                              00000001
TMR0IE                            00000005
TMR0IF                            00000002
TMR1                              0000000E
TMR1CS                            00000001
TMR1H                             0000000F
TMR1IE                            00000000
TMR1IF                            00000000
TMR1L                             0000000E
TMR1ON                            00000000
TMR2                              00000011
TMR2IE                            00000001
TMR2IF                            00000001
TMR2ON                            00000002
TOUTPS0                           00000003
TOUTPS1                           00000004
TOUTPS2                           00000005
TOUTPS3                           00000006
TRISA                             00000085
TRISA0                            00000000
TRISA1                            00000001
TRISA2                            00000002
TRISA3                            00000003
TRISA4                            00000004
TRISA5                            00000005
TRISA6                            00000006
TRISA7                            00000007
TRISB                             00000086
TRISB0                            00000000
TRISB1                            00000001
TRISB2                            00000002
TRISB3                            00000003
TRISB4                            00000004
TRISB5                            00000005
TRISB6                            00000006
TRISB7                            00000007
TRMT                              00000001
TX9                               00000006
TX9D                              00000000
TXEN                              00000005
TXIE                              00000004
TXIF                              00000004
TXREG                             00000019
MPASM  5.51    TENSAOREFINTERNACOMPARADOR.ASM   9-3-2020  12:30:28         PAGE  8


SYMBOL TABLE
  LABEL                             VALUE 

TXSTA                             00000098
VR0                               00000000
VR1                               00000001
VR2                               00000002
VR3                               00000003
VRCON                             0000009F
VREN                              00000007
VROE                              00000006
VRR                               00000005
W                                 00000000
WR                                00000001
WREN                              00000002
WRERR                             00000003
W_TEMP                            00000020
Z                                 00000002
_BODEN_OFF                        00003FBF
_BODEN_ON                         00003FFF
_BOREN_OFF                        00003FBF
_BOREN_ON                         00003FFF
_CONFIG                           00002007
_CPD_OFF                          00003FFF
_CPD_ON                           00003EFF
_CP_OFF                           00003FFF
_CP_ON                            00001FFF
_DEVID1                           00002006
_ER_OSC_CLKOUT                    00003FFF
_ER_OSC_NOCLKOUT                  00003FFE
_EXTCLK_OSC                       00003FEF
_FOSC_ECIO                        00003FEF
_FOSC_EXTRCCLK                    00003FFF
_FOSC_EXTRCIO                     00003FFE
_FOSC_HS                          00003FEE
_FOSC_INTOSCCLK                   00003FFD
_FOSC_INTOSCIO                    00003FFC
_FOSC_LP                          00003FEC
_FOSC_XT                          00003FED
_HS_OSC                           00003FEE
_IDLOC0                           00002000
_IDLOC1                           00002001
_IDLOC2                           00002002
_IDLOC3                           00002003
_INTOSC_OSC_CLKOUT                00003FFD
_INTOSC_OSC_NOCLKOUT              00003FFC
_INTRC_OSC_CLKOUT                 00003FFD
_INTRC_OSC_NOCLKOUT               00003FFC
_LP_OSC                           00003FEC
_LVP_OFF                          00003F7F
_LVP_ON                           00003FFF
_MCLRE_OFF                        00003FDF
_MCLRE_ON                         00003FFF
_PWRTE_OFF                        00003FFF
_PWRTE_ON                         00003FF7
_RC_OSC_CLKOUT                    00003FFF
MPASM  5.51    TENSAOREFINTERNACOMPARADOR.ASM   9-3-2020  12:30:28         PAGE  9


SYMBOL TABLE
  LABEL                             VALUE 

_RC_OSC_NOCLKOUT                  00003FFE
_WDTE_OFF                         00003FFB
_WDTE_ON                          00003FFF
_WDT_OFF                          00003FFB
_WDT_ON                           00003FFF
_XT_OSC                           00003FED
__16F628A                         00000001
__DEBUG                           1
acende_Led                        0000000F
bank0                             bcf     STATUS,RP0
bank1                             bsf     STATUS,RP0
botao1                            PORTB,7
exit_ISR                          00000010
inicio                            00000015
led1                              PORTB,0
led2                              PORTB,1
loop                              00000023


MEMORY USAGE MAP ('X' = Used,  '-' = Unused)

0000 : X---XXXXXXXXXXXX XXXXXXXXXXXXXXXX XXXX------------ ----------------
2000 : -------X-------- ---------------- ---------------- ----------------

All other memory blocks unused.

Program Memory Words Used:    33
Program Memory Words Free:  2015


Errors   :     0
Warnings :     1 reported,     0 suppressed
Messages :     4 reported,     0 suppressed

