MPLINK 4.49, Linker
Linker Map File - Created Thu Sep 10 21:10:45 2020

                                 Section Info
                  Section       Type    Address   Location Size(Bytes)
                ---------  ---------  ---------  ---------  ---------
                   .org_0       code   0x000000    program   0x000000
                   .org_1       code   0x000000    program   0x000002
                   .org_2       code   0x000004    program   0x00012a
.config_2007_LCDESCREVE.O       code   0x002007    program   0x000002



                              Program Memory Usage 
                               Start         End      
                           ---------   ---------      
                            0x000000    0x000000      
                            0x000004    0x000098      
                            0x002007    0x002007      
            151 out of 8454 program addresses used, program memory utilization is 1%



                              Symbols - Sorted by Name
                     Name    Address   Location    Storage File                     
                ---------  ---------  ---------  --------- ---------                
               BUSY_CHECK   0x000077    program     static C:\Users\eleli\Documents\Cursos\Curso de Pic\Assembly Pic\PIC16F876A\LCDEscreve\MPLAB\LCDEscreve.asm
                   _500ms   0x000089    program     static C:\Users\eleli\Documents\Cursos\Curso de Pic\Assembly Pic\PIC16F876A\LCDEscreve\MPLAB\LCDEscreve.asm
                     aux1   0x00008b    program     static C:\Users\eleli\Documents\Cursos\Curso de Pic\Assembly Pic\PIC16F876A\LCDEscreve\MPLAB\LCDEscreve.asm
                     aux2   0x00008d    program     static C:\Users\eleli\Documents\Cursos\Curso de Pic\Assembly Pic\PIC16F876A\LCDEscreve\MPLAB\LCDEscreve.asm
                 exit_ISR   0x000008    program     static C:\Users\eleli\Documents\Cursos\Curso de Pic\Assembly Pic\PIC16F876A\LCDEscreve\MPLAB\LCDEscreve.asm
                   inicio   0x00000d    program     static C:\Users\eleli\Documents\Cursos\Curso de Pic\Assembly Pic\PIC16F876A\LCDEscreve\MPLAB\LCDEscreve.asm
                 lcd_char   0x00005c    program     static C:\Users\eleli\Documents\Cursos\Curso de Pic\Assembly Pic\PIC16F876A\LCDEscreve\MPLAB\LCDEscreve.asm
              lcd_command   0x00006e    program     static C:\Users\eleli\Documents\Cursos\Curso de Pic\Assembly Pic\PIC16F876A\LCDEscreve\MPLAB\LCDEscreve.asm
                lcd_hello   0x00001d    program     static C:\Users\eleli\Documents\Cursos\Curso de Pic\Assembly Pic\PIC16F876A\LCDEscreve\MPLAB\LCDEscreve.asm
                 lcd_init   0x000065    program     static C:\Users\eleli\Documents\Cursos\Curso de Pic\Assembly Pic\PIC16F876A\LCDEscreve\MPLAB\LCDEscreve.asm
                lcdnobusy   0x000083    program     static C:\Users\eleli\Documents\Cursos\Curso de Pic\Assembly Pic\PIC16F876A\LCDEscreve\MPLAB\LCDEscreve.asm
                     loop   0x00001c    program     static C:\Users\eleli\Documents\Cursos\Curso de Pic\Assembly Pic\PIC16F876A\LCDEscreve\MPLAB\LCDEscreve.asm



                              Symbols - Sorted by Address
                     Name    Address   Location    Storage File                     
                ---------  ---------  ---------  --------- ---------                
                 exit_ISR   0x000008    program     static C:\Users\eleli\Documents\Cursos\Curso de Pic\Assembly Pic\PIC16F876A\LCDEscreve\MPLAB\LCDEscreve.asm
                   inicio   0x00000d    program     static C:\Users\eleli\Documents\Cursos\Curso de Pic\Assembly Pic\PIC16F876A\LCDEscreve\MPLAB\LCDEscreve.asm
                     loop   0x00001c    program     static C:\Users\eleli\Documents\Cursos\Curso de Pic\Assembly Pic\PIC16F876A\LCDEscreve\MPLAB\LCDEscreve.asm
                lcd_hello   0x00001d    program     static C:\Users\eleli\Documents\Cursos\Curso de Pic\Assembly Pic\PIC16F876A\LCDEscreve\MPLAB\LCDEscreve.asm
                 lcd_char   0x00005c    program     static C:\Users\eleli\Documents\Cursos\Curso de Pic\Assembly Pic\PIC16F876A\LCDEscreve\MPLAB\LCDEscreve.asm
                 lcd_init   0x000065    program     static C:\Users\eleli\Documents\Cursos\Curso de Pic\Assembly Pic\PIC16F876A\LCDEscreve\MPLAB\LCDEscreve.asm
              lcd_command   0x00006e    program     static C:\Users\eleli\Documents\Cursos\Curso de Pic\Assembly Pic\PIC16F876A\LCDEscreve\MPLAB\LCDEscreve.asm
               BUSY_CHECK   0x000077    program     static C:\Users\eleli\Documents\Cursos\Curso de Pic\Assembly Pic\PIC16F876A\LCDEscreve\MPLAB\LCDEscreve.asm
                lcdnobusy   0x000083    program     static C:\Users\eleli\Documents\Cursos\Curso de Pic\Assembly Pic\PIC16F876A\LCDEscreve\MPLAB\LCDEscreve.asm
                   _500ms   0x000089    program     static C:\Users\eleli\Documents\Cursos\Curso de Pic\Assembly Pic\PIC16F876A\LCDEscreve\MPLAB\LCDEscreve.asm
                     aux1   0x00008b    program     static C:\Users\eleli\Documents\Cursos\Curso de Pic\Assembly Pic\PIC16F876A\LCDEscreve\MPLAB\LCDEscreve.asm
                     aux2   0x00008d    program     static C:\Users\eleli\Documents\Cursos\Curso de Pic\Assembly Pic\PIC16F876A\LCDEscreve\MPLAB\LCDEscreve.asm


