MPLINK 4.49, Linker
Linker Map File - Created Thu Sep 03 10:17:36 2020

                                 Section Info
                  Section       Type    Address   Location Size(Bytes)
                ---------  ---------  ---------  ---------  ---------
                   .org_0       code   0x000000    program   0x000000
                   .org_1       code   0x000000    program   0x000002
                   .org_2       code   0x000004    program   0x00003c
.config_2007_COMPARADORINTERNO.O       code   0x002007    program   0x000002



                              Program Memory Usage 
                               Start         End      
                           ---------   ---------      
                            0x000000    0x000000      
                            0x000004    0x000021      
                            0x002007    0x002007      
            32 out of 2182 program addresses used, program memory utilization is 1%



                              Symbols - Sorted by Name
                     Name    Address   Location    Storage File                     
                ---------  ---------  ---------  --------- ---------                
               acende_Led   0x00000f    program     static C:\Users\eleli\Documents\Cursos\Curso de Pic\Assembly Pic\PIC16F628A\ComparadorInterno\MPLAB\ComparadorInterno.asm
                 exit_ISR   0x000010    program     static C:\Users\eleli\Documents\Cursos\Curso de Pic\Assembly Pic\PIC16F628A\ComparadorInterno\MPLAB\ComparadorInterno.asm
                   inicio   0x000015    program     static C:\Users\eleli\Documents\Cursos\Curso de Pic\Assembly Pic\PIC16F628A\ComparadorInterno\MPLAB\ComparadorInterno.asm
                     loop   0x000021    program     static C:\Users\eleli\Documents\Cursos\Curso de Pic\Assembly Pic\PIC16F628A\ComparadorInterno\MPLAB\ComparadorInterno.asm



                              Symbols - Sorted by Address
                     Name    Address   Location    Storage File                     
                ---------  ---------  ---------  --------- ---------                
               acende_Led   0x00000f    program     static C:\Users\eleli\Documents\Cursos\Curso de Pic\Assembly Pic\PIC16F628A\ComparadorInterno\MPLAB\ComparadorInterno.asm
                 exit_ISR   0x000010    program     static C:\Users\eleli\Documents\Cursos\Curso de Pic\Assembly Pic\PIC16F628A\ComparadorInterno\MPLAB\ComparadorInterno.asm
                   inicio   0x000015    program     static C:\Users\eleli\Documents\Cursos\Curso de Pic\Assembly Pic\PIC16F628A\ComparadorInterno\MPLAB\ComparadorInterno.asm
                     loop   0x000021    program     static C:\Users\eleli\Documents\Cursos\Curso de Pic\Assembly Pic\PIC16F628A\ComparadorInterno\MPLAB\ComparadorInterno.asm


