MPLINK 4.49, Linker
Linker Map File - Created Thu Sep 10 15:05:30 2020

                                 Section Info
                  Section       Type    Address   Location Size(Bytes)
                ---------  ---------  ---------  ---------  ---------
                   .org_0       code   0x000000    program   0x000000
                   .org_1       code   0x000000    program   0x000002
                   .org_2       code   0x000004    program   0x000112
.config_2007_VOLTIMETRODECIMAL.O       code   0x002007    program   0x000002



                              Program Memory Usage 
                               Start         End      
                           ---------   ---------      
                            0x000000    0x000000      
                            0x000004    0x00008c      
                            0x002007    0x002007      
            139 out of 8454 program addresses used, program memory utilization is 1%



                              Symbols - Sorted by Name
                     Name    Address   Location    Storage File                     
                ---------  ---------  ---------  --------- ---------                
                      DIV   0x000074    program     static C:\Users\eleli\Documents\Cursos\Curso de Pic\Assembly Pic\PIC16F876A\VoltimetroDecimal\MPLAB\VoltimetroDecimal.asm
                    NOCHK   0x00007f    program     static C:\Users\eleli\Documents\Cursos\Curso de Pic\Assembly Pic\PIC16F876A\VoltimetroDecimal\MPLAB\VoltimetroDecimal.asm
                     NOGO   0x000088    program     static C:\Users\eleli\Documents\Cursos\Curso de Pic\Assembly Pic\PIC16F876A\VoltimetroDecimal\MPLAB\VoltimetroDecimal.asm
            configura_ADC   0x000026    program     static C:\Users\eleli\Documents\Cursos\Curso de Pic\Assembly Pic\PIC16F876A\VoltimetroDecimal\MPLAB\VoltimetroDecimal.asm
            conv_binToDec   0x00002d    program     static C:\Users\eleli\Documents\Cursos\Curso de Pic\Assembly Pic\PIC16F876A\VoltimetroDecimal\MPLAB\VoltimetroDecimal.asm
                    divid   0x00006a    program     static C:\Users\eleli\Documents\Cursos\Curso de Pic\Assembly Pic\PIC16F876A\VoltimetroDecimal\MPLAB\VoltimetroDecimal.asm
                  end_adj   0x000042    program     static C:\Users\eleli\Documents\Cursos\Curso de Pic\Assembly Pic\PIC16F876A\VoltimetroDecimal\MPLAB\VoltimetroDecimal.asm
           espera_leitura   0x000014    program     static C:\Users\eleli\Documents\Cursos\Curso de Pic\Assembly Pic\PIC16F876A\VoltimetroDecimal\MPLAB\VoltimetroDecimal.asm
                 exit_ISR   0x000008    program     static C:\Users\eleli\Documents\Cursos\Curso de Pic\Assembly Pic\PIC16F876A\VoltimetroDecimal\MPLAB\VoltimetroDecimal.asm
                  incDezA   0x000041    program     static C:\Users\eleli\Documents\Cursos\Curso de Pic\Assembly Pic\PIC16F876A\VoltimetroDecimal\MPLAB\VoltimetroDecimal.asm
                   inicio   0x00000d    program     static C:\Users\eleli\Documents\Cursos\Curso de Pic\Assembly Pic\PIC16F876A\VoltimetroDecimal\MPLAB\VoltimetroDecimal.asm
                     loop   0x000013    program     static C:\Users\eleli\Documents\Cursos\Curso de Pic\Assembly Pic\PIC16F876A\VoltimetroDecimal\MPLAB\VoltimetroDecimal.asm
                   multip   0x000045    program     static C:\Users\eleli\Documents\Cursos\Curso de Pic\Assembly Pic\PIC16F876A\VoltimetroDecimal\MPLAB\VoltimetroDecimal.asm
                start_adj   0x000034    program     static C:\Users\eleli\Documents\Cursos\Curso de Pic\Assembly Pic\PIC16F876A\VoltimetroDecimal\MPLAB\VoltimetroDecimal.asm



                              Symbols - Sorted by Address
                     Name    Address   Location    Storage File                     
                ---------  ---------  ---------  --------- ---------                
                 exit_ISR   0x000008    program     static C:\Users\eleli\Documents\Cursos\Curso de Pic\Assembly Pic\PIC16F876A\VoltimetroDecimal\MPLAB\VoltimetroDecimal.asm
                   inicio   0x00000d    program     static C:\Users\eleli\Documents\Cursos\Curso de Pic\Assembly Pic\PIC16F876A\VoltimetroDecimal\MPLAB\VoltimetroDecimal.asm
                     loop   0x000013    program     static C:\Users\eleli\Documents\Cursos\Curso de Pic\Assembly Pic\PIC16F876A\VoltimetroDecimal\MPLAB\VoltimetroDecimal.asm
           espera_leitura   0x000014    program     static C:\Users\eleli\Documents\Cursos\Curso de Pic\Assembly Pic\PIC16F876A\VoltimetroDecimal\MPLAB\VoltimetroDecimal.asm
            configura_ADC   0x000026    program     static C:\Users\eleli\Documents\Cursos\Curso de Pic\Assembly Pic\PIC16F876A\VoltimetroDecimal\MPLAB\VoltimetroDecimal.asm
            conv_binToDec   0x00002d    program     static C:\Users\eleli\Documents\Cursos\Curso de Pic\Assembly Pic\PIC16F876A\VoltimetroDecimal\MPLAB\VoltimetroDecimal.asm
                start_adj   0x000034    program     static C:\Users\eleli\Documents\Cursos\Curso de Pic\Assembly Pic\PIC16F876A\VoltimetroDecimal\MPLAB\VoltimetroDecimal.asm
                  incDezA   0x000041    program     static C:\Users\eleli\Documents\Cursos\Curso de Pic\Assembly Pic\PIC16F876A\VoltimetroDecimal\MPLAB\VoltimetroDecimal.asm
                  end_adj   0x000042    program     static C:\Users\eleli\Documents\Cursos\Curso de Pic\Assembly Pic\PIC16F876A\VoltimetroDecimal\MPLAB\VoltimetroDecimal.asm
                   multip   0x000045    program     static C:\Users\eleli\Documents\Cursos\Curso de Pic\Assembly Pic\PIC16F876A\VoltimetroDecimal\MPLAB\VoltimetroDecimal.asm
                    divid   0x00006a    program     static C:\Users\eleli\Documents\Cursos\Curso de Pic\Assembly Pic\PIC16F876A\VoltimetroDecimal\MPLAB\VoltimetroDecimal.asm
                      DIV   0x000074    program     static C:\Users\eleli\Documents\Cursos\Curso de Pic\Assembly Pic\PIC16F876A\VoltimetroDecimal\MPLAB\VoltimetroDecimal.asm
                    NOCHK   0x00007f    program     static C:\Users\eleli\Documents\Cursos\Curso de Pic\Assembly Pic\PIC16F876A\VoltimetroDecimal\MPLAB\VoltimetroDecimal.asm
                     NOGO   0x000088    program     static C:\Users\eleli\Documents\Cursos\Curso de Pic\Assembly Pic\PIC16F876A\VoltimetroDecimal\MPLAB\VoltimetroDecimal.asm


