MPLINK 4.49, Linker
Linker Map File - Created Fri Aug 21 20:10:28 2020

                                 Section Info
                  Section       Type    Address   Location Size(Bytes)
                ---------  ---------  ---------  ---------  ---------
                   .org_0       code   0x000000    program   0x000000
                   .org_1       code   0x000000    program   0x000002
                   .org_2       code   0x000004    program   0x000042
.config_2007_INVERSAOBITS.O       code   0x002007    program   0x000002



                              Program Memory Usage 
                               Start         End      
                           ---------   ---------      
                            0x000000    0x000000      
                            0x000004    0x000024      
                            0x002007    0x002007      
            35 out of 2182 program addresses used, program memory utilization is 1%



                              Symbols - Sorted by Name
                     Name    Address   Location    Storage File                     
                ---------  ---------  ---------  --------- ---------                
                     aux1   0x000017    program     static C:\Users\eleli\Documents\Cursos\Curso de Pic\Assembly Pic\PIC16F628A\InversaoBits\MPLAB\InversaoBits.asm
                     aux2   0x000019    program     static C:\Users\eleli\Documents\Cursos\Curso de Pic\Assembly Pic\PIC16F628A\InversaoBits\MPLAB\InversaoBits.asm
               delay500ms   0x000015    program     static C:\Users\eleli\Documents\Cursos\Curso de Pic\Assembly Pic\PIC16F628A\InversaoBits\MPLAB\InversaoBits.asm
                   inicio   0x000005    program     static C:\Users\eleli\Documents\Cursos\Curso de Pic\Assembly Pic\PIC16F628A\InversaoBits\MPLAB\InversaoBits.asm
                     loop   0x00000e    program     static C:\Users\eleli\Documents\Cursos\Curso de Pic\Assembly Pic\PIC16F628A\InversaoBits\MPLAB\InversaoBits.asm



                              Symbols - Sorted by Address
                     Name    Address   Location    Storage File                     
                ---------  ---------  ---------  --------- ---------                
                   inicio   0x000005    program     static C:\Users\eleli\Documents\Cursos\Curso de Pic\Assembly Pic\PIC16F628A\InversaoBits\MPLAB\InversaoBits.asm
                     loop   0x00000e    program     static C:\Users\eleli\Documents\Cursos\Curso de Pic\Assembly Pic\PIC16F628A\InversaoBits\MPLAB\InversaoBits.asm
               delay500ms   0x000015    program     static C:\Users\eleli\Documents\Cursos\Curso de Pic\Assembly Pic\PIC16F628A\InversaoBits\MPLAB\InversaoBits.asm
                     aux1   0x000017    program     static C:\Users\eleli\Documents\Cursos\Curso de Pic\Assembly Pic\PIC16F628A\InversaoBits\MPLAB\InversaoBits.asm
                     aux2   0x000019    program     static C:\Users\eleli\Documents\Cursos\Curso de Pic\Assembly Pic\PIC16F628A\InversaoBits\MPLAB\InversaoBits.asm


