MPLINK 4.49, Linker
Linker Map File - Created Tue Aug 25 23:03:36 2020

                                 Section Info
                  Section       Type    Address   Location Size(Bytes)
                ---------  ---------  ---------  ---------  ---------
                   .org_0       code   0x000000    program   0x000000
                   .org_1       code   0x000000    program   0x000002
                   .org_2       code   0x000004    program   0x000082
.config_2007_INTERRUPXDELAY.O       code   0x002007    program   0x000002



                              Program Memory Usage 
                               Start         End      
                           ---------   ---------      
                            0x000000    0x000000      
                            0x000004    0x000044      
                            0x002007    0x002007      
            67 out of 2182 program addresses used, program memory utilization is 3%



                              Symbols - Sorted by Name
                     Name    Address   Location    Storage File                     
                ---------  ---------  ---------  --------- ---------                
                     aux1   0x000037    program     static C:\Users\eleli\Documents\Cursos\Curso de Pic\Assembly Pic\PIC16F628A\InterrupXDelay\MPLAB\InterrupXDelay.asm
                     aux2   0x000039    program     static C:\Users\eleli\Documents\Cursos\Curso de Pic\Assembly Pic\PIC16F628A\InterrupXDelay\MPLAB\InterrupXDelay.asm
               delay500ms   0x000035    program     static C:\Users\eleli\Documents\Cursos\Curso de Pic\Assembly Pic\PIC16F628A\InterrupXDelay\MPLAB\InterrupXDelay.asm
                 exit_ISR   0x000016    program     static C:\Users\eleli\Documents\Cursos\Curso de Pic\Assembly Pic\PIC16F628A\InterrupXDelay\MPLAB\InterrupXDelay.asm
                   inicio   0x00001b    program     static C:\Users\eleli\Documents\Cursos\Curso de Pic\Assembly Pic\PIC16F628A\InterrupXDelay\MPLAB\InterrupXDelay.asm
                     loop   0x000032    program     static C:\Users\eleli\Documents\Cursos\Curso de Pic\Assembly Pic\PIC16F628A\InterrupXDelay\MPLAB\InterrupXDelay.asm



                              Symbols - Sorted by Address
                     Name    Address   Location    Storage File                     
                ---------  ---------  ---------  --------- ---------                
                 exit_ISR   0x000016    program     static C:\Users\eleli\Documents\Cursos\Curso de Pic\Assembly Pic\PIC16F628A\InterrupXDelay\MPLAB\InterrupXDelay.asm
                   inicio   0x00001b    program     static C:\Users\eleli\Documents\Cursos\Curso de Pic\Assembly Pic\PIC16F628A\InterrupXDelay\MPLAB\InterrupXDelay.asm
                     loop   0x000032    program     static C:\Users\eleli\Documents\Cursos\Curso de Pic\Assembly Pic\PIC16F628A\InterrupXDelay\MPLAB\InterrupXDelay.asm
               delay500ms   0x000035    program     static C:\Users\eleli\Documents\Cursos\Curso de Pic\Assembly Pic\PIC16F628A\InterrupXDelay\MPLAB\InterrupXDelay.asm
                     aux1   0x000037    program     static C:\Users\eleli\Documents\Cursos\Curso de Pic\Assembly Pic\PIC16F628A\InterrupXDelay\MPLAB\InterrupXDelay.asm
                     aux2   0x000039    program     static C:\Users\eleli\Documents\Cursos\Curso de Pic\Assembly Pic\PIC16F628A\InterrupXDelay\MPLAB\InterrupXDelay.asm


