MPLINK 4.49, Linker
Linker Map File - Created Thu Sep 10 16:50:48 2020

                                 Section Info
                  Section       Type    Address   Location Size(Bytes)
                ---------  ---------  ---------  ---------  ---------
                   .org_0       code   0x000000    program   0x000000
                   .org_1       code   0x000000    program   0x000002
                   .org_2       code   0x000004    program   0x000172
.config_2007_DISPLAYADC.O       code   0x002007    program   0x000002



                              Program Memory Usage 
                               Start         End      
                           ---------   ---------      
                            0x000000    0x000000      
                            0x000004    0x0000bc      
                            0x002007    0x002007      
            187 out of 8454 program addresses used, program memory utilization is 2%



                              Symbols - Sorted by Name
                     Name    Address   Location    Storage File                     
                ---------  ---------  ---------  --------- ---------                
                      DIV   0x000099    program     static C:\Users\eleli\Documents\Cursos\Curso de Pic\Assembly Pic\PIC16F876A\DisplayADC\MPLAB\DisplayADC.asm
                    NOCHK   0x0000a4    program     static C:\Users\eleli\Documents\Cursos\Curso de Pic\Assembly Pic\PIC16F876A\DisplayADC\MPLAB\DisplayADC.asm
                     NOGO   0x0000ad    program     static C:\Users\eleli\Documents\Cursos\Curso de Pic\Assembly Pic\PIC16F876A\DisplayADC\MPLAB\DisplayADC.asm
            configura_ADC   0x00004b    program     static C:\Users\eleli\Documents\Cursos\Curso de Pic\Assembly Pic\PIC16F876A\DisplayADC\MPLAB\DisplayADC.asm
            conv_binToDec   0x000052    program     static C:\Users\eleli\Documents\Cursos\Curso de Pic\Assembly Pic\PIC16F876A\DisplayADC\MPLAB\DisplayADC.asm
                 copy_cen   0x000010    program     static C:\Users\eleli\Documents\Cursos\Curso de Pic\Assembly Pic\PIC16F876A\DisplayADC\MPLAB\DisplayADC.asm
                 copy_dez   0x000018    program     static C:\Users\eleli\Documents\Cursos\Curso de Pic\Assembly Pic\PIC16F876A\DisplayADC\MPLAB\DisplayADC.asm
                 copy_uni   0x000020    program     static C:\Users\eleli\Documents\Cursos\Curso de Pic\Assembly Pic\PIC16F876A\DisplayADC\MPLAB\DisplayADC.asm
                    divid   0x00008f    program     static C:\Users\eleli\Documents\Cursos\Curso de Pic\Assembly Pic\PIC16F876A\DisplayADC\MPLAB\DisplayADC.asm
                  end_adj   0x000067    program     static C:\Users\eleli\Documents\Cursos\Curso de Pic\Assembly Pic\PIC16F876A\DisplayADC\MPLAB\DisplayADC.asm
           espera_leitura   0x000040    program     static C:\Users\eleli\Documents\Cursos\Curso de Pic\Assembly Pic\PIC16F876A\DisplayADC\MPLAB\DisplayADC.asm
                 exit_ISR   0x000027    program     static C:\Users\eleli\Documents\Cursos\Curso de Pic\Assembly Pic\PIC16F876A\DisplayADC\MPLAB\DisplayADC.asm
                  incDezA   0x000066    program     static C:\Users\eleli\Documents\Cursos\Curso de Pic\Assembly Pic\PIC16F876A\DisplayADC\MPLAB\DisplayADC.asm
                   inicio   0x00002c    program     static C:\Users\eleli\Documents\Cursos\Curso de Pic\Assembly Pic\PIC16F876A\DisplayADC\MPLAB\DisplayADC.asm
                     loop   0x00003f    program     static C:\Users\eleli\Documents\Cursos\Curso de Pic\Assembly Pic\PIC16F876A\DisplayADC\MPLAB\DisplayADC.asm
                   multip   0x00006a    program     static C:\Users\eleli\Documents\Cursos\Curso de Pic\Assembly Pic\PIC16F876A\DisplayADC\MPLAB\DisplayADC.asm
                send_disp   0x0000b2    program     static C:\Users\eleli\Documents\Cursos\Curso de Pic\Assembly Pic\PIC16F876A\DisplayADC\MPLAB\DisplayADC.asm
                start_adj   0x000059    program     static C:\Users\eleli\Documents\Cursos\Curso de Pic\Assembly Pic\PIC16F876A\DisplayADC\MPLAB\DisplayADC.asm



                              Symbols - Sorted by Address
                     Name    Address   Location    Storage File                     
                ---------  ---------  ---------  --------- ---------                
                 copy_cen   0x000010    program     static C:\Users\eleli\Documents\Cursos\Curso de Pic\Assembly Pic\PIC16F876A\DisplayADC\MPLAB\DisplayADC.asm
                 copy_dez   0x000018    program     static C:\Users\eleli\Documents\Cursos\Curso de Pic\Assembly Pic\PIC16F876A\DisplayADC\MPLAB\DisplayADC.asm
                 copy_uni   0x000020    program     static C:\Users\eleli\Documents\Cursos\Curso de Pic\Assembly Pic\PIC16F876A\DisplayADC\MPLAB\DisplayADC.asm
                 exit_ISR   0x000027    program     static C:\Users\eleli\Documents\Cursos\Curso de Pic\Assembly Pic\PIC16F876A\DisplayADC\MPLAB\DisplayADC.asm
                   inicio   0x00002c    program     static C:\Users\eleli\Documents\Cursos\Curso de Pic\Assembly Pic\PIC16F876A\DisplayADC\MPLAB\DisplayADC.asm
                     loop   0x00003f    program     static C:\Users\eleli\Documents\Cursos\Curso de Pic\Assembly Pic\PIC16F876A\DisplayADC\MPLAB\DisplayADC.asm
           espera_leitura   0x000040    program     static C:\Users\eleli\Documents\Cursos\Curso de Pic\Assembly Pic\PIC16F876A\DisplayADC\MPLAB\DisplayADC.asm
            configura_ADC   0x00004b    program     static C:\Users\eleli\Documents\Cursos\Curso de Pic\Assembly Pic\PIC16F876A\DisplayADC\MPLAB\DisplayADC.asm
            conv_binToDec   0x000052    program     static C:\Users\eleli\Documents\Cursos\Curso de Pic\Assembly Pic\PIC16F876A\DisplayADC\MPLAB\DisplayADC.asm
                start_adj   0x000059    program     static C:\Users\eleli\Documents\Cursos\Curso de Pic\Assembly Pic\PIC16F876A\DisplayADC\MPLAB\DisplayADC.asm
                  incDezA   0x000066    program     static C:\Users\eleli\Documents\Cursos\Curso de Pic\Assembly Pic\PIC16F876A\DisplayADC\MPLAB\DisplayADC.asm
                  end_adj   0x000067    program     static C:\Users\eleli\Documents\Cursos\Curso de Pic\Assembly Pic\PIC16F876A\DisplayADC\MPLAB\DisplayADC.asm
                   multip   0x00006a    program     static C:\Users\eleli\Documents\Cursos\Curso de Pic\Assembly Pic\PIC16F876A\DisplayADC\MPLAB\DisplayADC.asm
                    divid   0x00008f    program     static C:\Users\eleli\Documents\Cursos\Curso de Pic\Assembly Pic\PIC16F876A\DisplayADC\MPLAB\DisplayADC.asm
                      DIV   0x000099    program     static C:\Users\eleli\Documents\Cursos\Curso de Pic\Assembly Pic\PIC16F876A\DisplayADC\MPLAB\DisplayADC.asm
                    NOCHK   0x0000a4    program     static C:\Users\eleli\Documents\Cursos\Curso de Pic\Assembly Pic\PIC16F876A\DisplayADC\MPLAB\DisplayADC.asm
                     NOGO   0x0000ad    program     static C:\Users\eleli\Documents\Cursos\Curso de Pic\Assembly Pic\PIC16F876A\DisplayADC\MPLAB\DisplayADC.asm
                send_disp   0x0000b2    program     static C:\Users\eleli\Documents\Cursos\Curso de Pic\Assembly Pic\PIC16F876A\DisplayADC\MPLAB\DisplayADC.asm


