MPASM  5.51              SUBROTINASBOTOES.ASM   8-18-2020  9:52:19         PAGE  1


LOC  OBJECT CODE     LINE SOURCE TEXT
  VALUE

                      00001 ;
                      00002 ;               PIC16F84A                       Clock = 4MHz
                      00003 ;
                      00004 ;               Este programa tem a função de demonstrar o funcionamento das subrotinas. As subrotinas s
                            ão rotinas de programa que se dese-
                      00005 ;       ja que sejam executadas em vários momentos do programa e, para economizar memória, criamos uma s
                            ubrotina que será chamada sempre
                      00006 ;       que se quiser executar tal rotina, ao invés de escrever várias vezes a mesma rotina.
                      00007 ;               Pode-se dizer que as subrotinas são equivalente às funções da linguagem C.
                      00008 ;
                      00009 ;               Neste codigo serão usadas duas novas diretivas:
                      00010 ;       call -> Usada para chamar a subrotina em questão
                      00011 ;       return -> Retorna da subrotina para executar o resto do programa do loop infinito
                      00012 ;
                      00013 
Warning[205]: Found directive in column 1. (list)
                      00014 list p=16f84a   ; Informa o microcontrolador usado
                      00015         
                      00016         ; --- Arquivos incluídos no projeto ---
                      00017         #include <p16f84a.inc>  ; Inclui o arquivo do microcontrolador usado
                      00001         LIST
                      00002 
                      00003 ;==========================================================================
                      00004 ;  MPASM PIC16F84A processor include
                      00005 ; 
                      00006 ;  (c) Copyright 1999-2013 Microchip Technology, All rights reserved
                      00007 ;==========================================================================
                      00008 
                      00208         LIST
                      00018         
                      00019         ; --- FUSE Bits ---
2007   3FF1           00020         __config _XT_OSC & _WDT_OFF & _PWRTE_ON & _CP_OFF       ; Configura o oscilador externa para XT,
                             desliga o watchDog
                      00021                                                                                                         
                                    ; timer, habilita o Power Up Timer e desliga a proteção de código
                      00022                                                                                                         
                                    
                      00023         ; --- Paginação de memória ---
                      00024         #define bank0 bcf STATUS,RP0 ; Basta utilizar o mnemônico bank0 para mudar para o banco 0
                      00025         #define bank1 bsf STATUS,RP0 ; Basta utilizar o mnemônico bank1 para mudar para o banco 1
                      00026                                                                  ; Para mudar de banco de memória é nece
                            sário configurar o bit RP0 do registrador STATUS
                      00027                                                                 
                      00028         ; --- Entradas ---
                      00029         #define botao1 PORTB,RB0 ; Cria um mnemônico para um botão, que estará conectado ao RB0
                      00030         #define botao2 PORTB,RB1 ; Cria um mnemônico para um botão, que estará conectado ao RB1 
                      00031         
                      00032         ; --- Saídas ---
                      00033         #define led1 PORTB,RB7 ; Cria um mnemônico para um led, conectado no pino RB7
                      00034         #define led2 PORTB,RB6 ; Cria um mnemônico para um led, conectado ao pino RB6                   
                                    
                      00035                                                                 
                      00036         ; --- Vetor de Reset ---
MPASM  5.51              SUBROTINASBOTOES.ASM   8-18-2020  9:52:19         PAGE  2


LOC  OBJECT CODE     LINE SOURCE TEXT
  VALUE

0000                  00037         org H'0000' ; Informa a origem do vetor Reset no banco de memória
                      00038         
0000   2805           00039         goto inicio ; Desvia o programa para inicio
                      00040         
                      00041         ; --- Vetor de Interrupção --- 
0004                  00042         org H'0004' ; Informa a origem do vetor de interrupção no banco de memória
                      00043         
0004   0009           00044         retfie ; Desvia o programa para retomar de onde parou, quando houve a interrupção
                      00045         
                      00046         
                      00047         ; --- Programa principal ---
Warning[207]: Found label after column 1. (inicio)
0005                  00048         inicio:
                      00049         
0005   1683           00050                 bank1 ; Utiliza o mnemônico bank1 para selecionar o banco 1 de memória
0006   30FF           00051                 movlw   H'FF' ; Ou B'1111 1111', move este valor para o registrador de trabalho Work
Message[302]: Register in operand not in bank 0.  Ensure that bank bits are correct.
0007   0085           00052                 movwf   TRISA ; Transfere o valor de W para TRISA, configurando todas os pinos como entr
                            ada digital
0008   303F           00053                 movlw   H'3F' ; Ou B'0011 1111', move este valor para o registradore de trabalho Work
Message[302]: Register in operand not in bank 0.  Ensure that bank bits are correct.
0009   0086           00054                 movwf   TRISB ; Transfere o valor do resgistrador Work (w) para o registrador TRISB, con
                            figurando apenas RB0
                      00055                                           ; como saída digital, e o resto dos pinos do PORTB como entrad
                            a digital.
000A   1283           00056                 bank0 ; Utiliza o mnemônico bank0 para selecionar o banco 0 de memória
000B   303F           00057                 movlw   H'3F' ; Move este valor para o resgistrador de trabalho Work (w)
000C   0086           00058                 movwf   PORTB ; Transfere o valor de w para o portb, iniciando todas as saídas em High
                      00059                 
Warning[207]: Found label after column 1. (loop)
000D                  00060         loop:
                      00061         
000D   2010           00062                 call    leitura_botao1 ; Chama a sub-rotina leitura_botao1
000E   2016           00063                 call    leitura_botao2 ; Chama a sub-rotina leitura_botao2
                      00064         
000F   280D           00065         goto    loop ; Retorna para label loop
                      00066         
                      00067         
                      00068         ; --- Sub-rotinas ---
                      00069         
Warning[207]: Found label after column 1. (leitura_botao1)
0010                  00070         leitura_botao1  ; Sub-rotina leitura_botao1
                      00071         
0010   1806           00072                 btfsc   botao1 ; Testa se o botao foi pressionado, se foi, pula uma linha
0011   2814           00073                 goto    apaga_led1 ; Se não for, desvia para a label apaga_led1
0012   1786           00074                 bsf             led1 ; Se o botao foi pressionado, seta o led2 (RB7) em High (liga o led
                            )
0013   0008           00075                 return ; Retorna para loop infinito
                      00076                 
Warning[207]: Found label after column 1. (apaga_led1)
0014                  00077         apaga_led1:
                      00078         
0014   1386           00079                 bcf             led1 ; Se o botao não foi pressionado, coloca led1 (RB7) em Low (apaga l
MPASM  5.51              SUBROTINASBOTOES.ASM   8-18-2020  9:52:19         PAGE  3


LOC  OBJECT CODE     LINE SOURCE TEXT
  VALUE

                            ed)
0015   0008           00080                 return ; Retorna para loop infinito
                      00081                 
Warning[207]: Found label after column 1. (leitura_botao2)
0016                  00082         leitura_botao2  ; Sub-rotina leitura_botao2
                      00083         
0016   1886           00084                 btfsc   botao2 ; Testa se o botao foi pressionado, se foi, pula uma linha
0017   281A           00085                 goto    apaga_led2 ; Se não for, desvia para a label apaga_led2
0018   1706           00086                 bsf             led2 ; Se o botão foi pressionado, seta o led2 (RB6) em High
0019   0008           00087                 return ; Retorna para loop infinito
                      00088                 
Warning[207]: Found label after column 1. (apaga_led2)
001A                  00089         apaga_led2
                      00090         
001A   1306           00091                 bcf             led2 ; Se o botão não foi pressionado, coloca led2 (RB6) em Low
001B   0008           00092                 return ; Retorna para loop infinito
                      00093                 
                      00094                 end 
MPASM  5.51              SUBROTINASBOTOES.ASM   8-18-2020  9:52:19         PAGE  4


SYMBOL TABLE
  LABEL                             VALUE 

C                                 00000000
DC                                00000001
EEADR                             00000009
EECON1                            00000088
EECON2                            00000089
EEDATA                            00000008
EEIE                              00000006
EEIF                              00000004
F                                 00000001
FSR                               00000004
GIE                               00000007
INDF                              00000000
INTCON                            0000000B
INTE                              00000004
INTEDG                            00000006
INTF                              00000001
IRP                               00000007
NOT_PD                            00000003
NOT_RBPU                          00000007
NOT_TO                            00000004
OPTION_REG                        00000081
PCL                               00000002
PCLATH                            0000000A
PORTA                             00000005
PORTB                             00000006
PS0                               00000000
PS1                               00000001
PS2                               00000002
PSA                               00000003
RA0                               00000000
RA1                               00000001
RA2                               00000002
RA3                               00000003
RA4                               00000004
RB0                               00000000
RB1                               00000001
RB2                               00000002
RB3                               00000003
RB4                               00000004
RB5                               00000005
RB6                               00000006
RB7                               00000007
RBIE                              00000003
RBIF                              00000000
RD                                00000000
RP0                               00000005
RP1                               00000006
STATUS                            00000003
T0CS                              00000005
T0IE                              00000005
T0IF                              00000002
T0SE                              00000004
TMR0                              00000001
MPASM  5.51              SUBROTINASBOTOES.ASM   8-18-2020  9:52:19         PAGE  5


SYMBOL TABLE
  LABEL                             VALUE 

TMR0IE                            00000005
TMR0IF                            00000002
TRISA                             00000085
TRISA0                            00000000
TRISA1                            00000001
TRISA2                            00000002
TRISA3                            00000003
TRISA4                            00000004
TRISB                             00000086
TRISB0                            00000000
TRISB1                            00000001
TRISB2                            00000002
TRISB3                            00000003
TRISB4                            00000004
TRISB5                            00000005
TRISB6                            00000006
TRISB7                            00000007
W                                 00000000
WR                                00000001
WREN                              00000002
WRERR                             00000003
Z                                 00000002
_CONFIG                           00002007
_CP_OFF                           00003FFF
_CP_ON                            0000000F
_DEVID1                           00002006
_FOSC_EXTRC                       00003FFF
_FOSC_HS                          00003FFE
_FOSC_LP                          00003FFC
_FOSC_XT                          00003FFD
_HS_OSC                           00003FFE
_IDLOC0                           00002000
_IDLOC1                           00002001
_IDLOC2                           00002002
_IDLOC3                           00002003
_LP_OSC                           00003FFC
_PWRTE_OFF                        00003FFF
_PWRTE_ON                         00003FF7
_RC_OSC                           00003FFF
_WDTE_OFF                         00003FFB
_WDTE_ON                          00003FFF
_WDT_OFF                          00003FFB
_WDT_ON                           00003FFF
_XT_OSC                           00003FFD
__16F84A                          00000001
__DEBUG                           1
apaga_led1                        00000014
apaga_led2                        0000001A
bank0                             bcf STATUS,RP0
bank1                             bsf STATUS,RP0
botao1                            PORTB,RB0
botao2                            PORTB,RB1
inicio                            00000005
MPASM  5.51              SUBROTINASBOTOES.ASM   8-18-2020  9:52:19         PAGE  6


SYMBOL TABLE
  LABEL                             VALUE 

led1                              PORTB,RB7
led2                              PORTB,RB6
leitura_botao1                    00000010
leitura_botao2                    00000016
loop                              0000000D


MEMORY USAGE MAP ('X' = Used,  '-' = Unused)

0000 : X---XXXXXXXXXXXX XXXXXXXXXXXX---- ---------------- ----------------
2000 : -------X-------- ---------------- ---------------- ----------------

All other memory blocks unused.

Program Memory Words Used:    25
Program Memory Words Free:   999


Errors   :     0
Warnings :     7 reported,     0 suppressed
Messages :     2 reported,     0 suppressed

