MPLINK 4.49, Linker
Linker Map File - Created Tue Aug 18 09:52:21 2020

                                 Section Info
                  Section       Type    Address   Location Size(Bytes)
                ---------  ---------  ---------  ---------  ---------
                   .org_0       code   0x000000    program   0x000000
                   .org_1       code   0x000000    program   0x000002
                   .org_2       code   0x000004    program   0x000030
.config_2007_SUBROTINASBOTOES.O       code   0x002007    program   0x000002



                              Program Memory Usage 
                               Start         End      
                           ---------   ---------      
                            0x000000    0x000000      
                            0x000004    0x00001b      
                            0x002007    0x002007      
            26 out of 1094 program addresses used, program memory utilization is 2%



                              Symbols - Sorted by Name
                     Name    Address   Location    Storage File                     
                ---------  ---------  ---------  --------- ---------                
               apaga_led1   0x000014    program     static C:\Users\eleli\Documents\Cursos\Curso de Pic\Assembly Pic\PIC16F84A\SubRotinasBotoes\MPLAB\SubRotinasBotoes.asm
               apaga_led2   0x00001a    program     static C:\Users\eleli\Documents\Cursos\Curso de Pic\Assembly Pic\PIC16F84A\SubRotinasBotoes\MPLAB\SubRotinasBotoes.asm
                   inicio   0x000005    program     static C:\Users\eleli\Documents\Cursos\Curso de Pic\Assembly Pic\PIC16F84A\SubRotinasBotoes\MPLAB\SubRotinasBotoes.asm
           leitura_botao1   0x000010    program     static C:\Users\eleli\Documents\Cursos\Curso de Pic\Assembly Pic\PIC16F84A\SubRotinasBotoes\MPLAB\SubRotinasBotoes.asm
           leitura_botao2   0x000016    program     static C:\Users\eleli\Documents\Cursos\Curso de Pic\Assembly Pic\PIC16F84A\SubRotinasBotoes\MPLAB\SubRotinasBotoes.asm
                     loop   0x00000d    program     static C:\Users\eleli\Documents\Cursos\Curso de Pic\Assembly Pic\PIC16F84A\SubRotinasBotoes\MPLAB\SubRotinasBotoes.asm



                              Symbols - Sorted by Address
                     Name    Address   Location    Storage File                     
                ---------  ---------  ---------  --------- ---------                
                   inicio   0x000005    program     static C:\Users\eleli\Documents\Cursos\Curso de Pic\Assembly Pic\PIC16F84A\SubRotinasBotoes\MPLAB\SubRotinasBotoes.asm
                     loop   0x00000d    program     static C:\Users\eleli\Documents\Cursos\Curso de Pic\Assembly Pic\PIC16F84A\SubRotinasBotoes\MPLAB\SubRotinasBotoes.asm
           leitura_botao1   0x000010    program     static C:\Users\eleli\Documents\Cursos\Curso de Pic\Assembly Pic\PIC16F84A\SubRotinasBotoes\MPLAB\SubRotinasBotoes.asm
               apaga_led1   0x000014    program     static C:\Users\eleli\Documents\Cursos\Curso de Pic\Assembly Pic\PIC16F84A\SubRotinasBotoes\MPLAB\SubRotinasBotoes.asm
           leitura_botao2   0x000016    program     static C:\Users\eleli\Documents\Cursos\Curso de Pic\Assembly Pic\PIC16F84A\SubRotinasBotoes\MPLAB\SubRotinasBotoes.asm
               apaga_led2   0x00001a    program     static C:\Users\eleli\Documents\Cursos\Curso de Pic\Assembly Pic\PIC16F84A\SubRotinasBotoes\MPLAB\SubRotinasBotoes.asm


