MPLINK 4.49, Linker
Linker Map File - Created Wed Sep 09 16:05:37 2020

                                 Section Info
                  Section       Type    Address   Location Size(Bytes)
                ---------  ---------  ---------  ---------  ---------
                   .org_0       code   0x000000    program   0x000000
                   .org_1       code   0x000000    program   0x000002
                   .org_2       code   0x000004    program   0x0000e0
.config_2007_VOLTIMETRO.O       code   0x002007    program   0x000002



                              Program Memory Usage 
                               Start         End      
                           ---------   ---------      
                            0x000000    0x000000      
                            0x000004    0x000073      
                            0x002007    0x002007      
            114 out of 8454 program addresses used, program memory utilization is 1%



                              Symbols - Sorted by Name
                     Name    Address   Location    Storage File                     
                ---------  ---------  ---------  --------- ---------                
                      DIV   0x00005b    program     static C:\Users\eleli\Documents\Cursos\Curso de Pic\Assembly Pic\PIC16F876A\Voltimetro\MPLAB\Voltimetro.asm
                    NOCHK   0x000066    program     static C:\Users\eleli\Documents\Cursos\Curso de Pic\Assembly Pic\PIC16F876A\Voltimetro\MPLAB\Voltimetro.asm
                     NOGO   0x00006f    program     static C:\Users\eleli\Documents\Cursos\Curso de Pic\Assembly Pic\PIC16F876A\Voltimetro\MPLAB\Voltimetro.asm
            configura_ADC   0x000025    program     static C:\Users\eleli\Documents\Cursos\Curso de Pic\Assembly Pic\PIC16F876A\Voltimetro\MPLAB\Voltimetro.asm
                    divid   0x000051    program     static C:\Users\eleli\Documents\Cursos\Curso de Pic\Assembly Pic\PIC16F876A\Voltimetro\MPLAB\Voltimetro.asm
           espera_leitura   0x000014    program     static C:\Users\eleli\Documents\Cursos\Curso de Pic\Assembly Pic\PIC16F876A\Voltimetro\MPLAB\Voltimetro.asm
                 exit_ISR   0x000008    program     static C:\Users\eleli\Documents\Cursos\Curso de Pic\Assembly Pic\PIC16F876A\Voltimetro\MPLAB\Voltimetro.asm
                   inicio   0x00000d    program     static C:\Users\eleli\Documents\Cursos\Curso de Pic\Assembly Pic\PIC16F876A\Voltimetro\MPLAB\Voltimetro.asm
                     loop   0x000013    program     static C:\Users\eleli\Documents\Cursos\Curso de Pic\Assembly Pic\PIC16F876A\Voltimetro\MPLAB\Voltimetro.asm
                   multip   0x00002c    program     static C:\Users\eleli\Documents\Cursos\Curso de Pic\Assembly Pic\PIC16F876A\Voltimetro\MPLAB\Voltimetro.asm



                              Symbols - Sorted by Address
                     Name    Address   Location    Storage File                     
                ---------  ---------  ---------  --------- ---------                
                 exit_ISR   0x000008    program     static C:\Users\eleli\Documents\Cursos\Curso de Pic\Assembly Pic\PIC16F876A\Voltimetro\MPLAB\Voltimetro.asm
                   inicio   0x00000d    program     static C:\Users\eleli\Documents\Cursos\Curso de Pic\Assembly Pic\PIC16F876A\Voltimetro\MPLAB\Voltimetro.asm
                     loop   0x000013    program     static C:\Users\eleli\Documents\Cursos\Curso de Pic\Assembly Pic\PIC16F876A\Voltimetro\MPLAB\Voltimetro.asm
           espera_leitura   0x000014    program     static C:\Users\eleli\Documents\Cursos\Curso de Pic\Assembly Pic\PIC16F876A\Voltimetro\MPLAB\Voltimetro.asm
            configura_ADC   0x000025    program     static C:\Users\eleli\Documents\Cursos\Curso de Pic\Assembly Pic\PIC16F876A\Voltimetro\MPLAB\Voltimetro.asm
                   multip   0x00002c    program     static C:\Users\eleli\Documents\Cursos\Curso de Pic\Assembly Pic\PIC16F876A\Voltimetro\MPLAB\Voltimetro.asm
                    divid   0x000051    program     static C:\Users\eleli\Documents\Cursos\Curso de Pic\Assembly Pic\PIC16F876A\Voltimetro\MPLAB\Voltimetro.asm
                      DIV   0x00005b    program     static C:\Users\eleli\Documents\Cursos\Curso de Pic\Assembly Pic\PIC16F876A\Voltimetro\MPLAB\Voltimetro.asm
                    NOCHK   0x000066    program     static C:\Users\eleli\Documents\Cursos\Curso de Pic\Assembly Pic\PIC16F876A\Voltimetro\MPLAB\Voltimetro.asm
                     NOGO   0x00006f    program     static C:\Users\eleli\Documents\Cursos\Curso de Pic\Assembly Pic\PIC16F876A\Voltimetro\MPLAB\Voltimetro.asm


