MPLINK 4.49, Linker
Linker Map File - Created Wed Sep 09 08:54:12 2020

                                 Section Info
                  Section       Type    Address   Location Size(Bytes)
                ---------  ---------  ---------  ---------  ---------
                   .org_0       code   0x000000    program   0x000000
                   .org_1       code   0x000000    program   0x000002
                   .org_2       code   0x000004    program   0x00008e
.config_2007_ADC2CANAIS.O       code   0x002007    program   0x000002



                              Program Memory Usage 
                               Start         End      
                           ---------   ---------      
                            0x000000    0x000000      
                            0x000004    0x00004a      
                            0x002007    0x002007      
            73 out of 1158 program addresses used, program memory utilization is 6%



                              Symbols - Sorted by Name
                     Name    Address   Location    Storage File                     
                ---------  ---------  ---------  --------- ---------                
                   _100us   0x000046    program     static C:\Users\eleli\Documents\Cursos\Curso de Pic\Assembly Pic\PIC12F675\ADC2Canais\MPLAB\ADC2Canais.asm
                 continua   0x000024    program     static C:\Users\eleli\Documents\Cursos\Curso de Pic\Assembly Pic\PIC12F675\ADC2Canais\MPLAB\ADC2Canais.asm
                continua2   0x000036    program     static C:\Users\eleli\Documents\Cursos\Curso de Pic\Assembly Pic\PIC12F675\ADC2Canais\MPLAB\ADC2Canais.asm
           espera_leitura   0x000042    program     static C:\Users\eleli\Documents\Cursos\Curso de Pic\Assembly Pic\PIC12F675\ADC2Canais\MPLAB\ADC2Canais.asm
                 exit_ISR   0x000008    program     static C:\Users\eleli\Documents\Cursos\Curso de Pic\Assembly Pic\PIC12F675\ADC2Canais\MPLAB\ADC2Canais.asm
                   inicio   0x00000d    program     static C:\Users\eleli\Documents\Cursos\Curso de Pic\Assembly Pic\PIC12F675\ADC2Canais\MPLAB\ADC2Canais.asm
              leitura_adc   0x000041    program     static C:\Users\eleli\Documents\Cursos\Curso de Pic\Assembly Pic\PIC12F675\ADC2Canais\MPLAB\ADC2Canais.asm
                liga_led1   0x000023    program     static C:\Users\eleli\Documents\Cursos\Curso de Pic\Assembly Pic\PIC12F675\ADC2Canais\MPLAB\ADC2Canais.asm
                liga_led2   0x000035    program     static C:\Users\eleli\Documents\Cursos\Curso de Pic\Assembly Pic\PIC12F675\ADC2Canais\MPLAB\ADC2Canais.asm
                     loop   0x00001c    program     static C:\Users\eleli\Documents\Cursos\Curso de Pic\Assembly Pic\PIC12F675\ADC2Canais\MPLAB\ADC2Canais.asm



                              Symbols - Sorted by Address
                     Name    Address   Location    Storage File                     
                ---------  ---------  ---------  --------- ---------                
                 exit_ISR   0x000008    program     static C:\Users\eleli\Documents\Cursos\Curso de Pic\Assembly Pic\PIC12F675\ADC2Canais\MPLAB\ADC2Canais.asm
                   inicio   0x00000d    program     static C:\Users\eleli\Documents\Cursos\Curso de Pic\Assembly Pic\PIC12F675\ADC2Canais\MPLAB\ADC2Canais.asm
                     loop   0x00001c    program     static C:\Users\eleli\Documents\Cursos\Curso de Pic\Assembly Pic\PIC12F675\ADC2Canais\MPLAB\ADC2Canais.asm
                liga_led1   0x000023    program     static C:\Users\eleli\Documents\Cursos\Curso de Pic\Assembly Pic\PIC12F675\ADC2Canais\MPLAB\ADC2Canais.asm
                 continua   0x000024    program     static C:\Users\eleli\Documents\Cursos\Curso de Pic\Assembly Pic\PIC12F675\ADC2Canais\MPLAB\ADC2Canais.asm
                liga_led2   0x000035    program     static C:\Users\eleli\Documents\Cursos\Curso de Pic\Assembly Pic\PIC12F675\ADC2Canais\MPLAB\ADC2Canais.asm
                continua2   0x000036    program     static C:\Users\eleli\Documents\Cursos\Curso de Pic\Assembly Pic\PIC12F675\ADC2Canais\MPLAB\ADC2Canais.asm
              leitura_adc   0x000041    program     static C:\Users\eleli\Documents\Cursos\Curso de Pic\Assembly Pic\PIC12F675\ADC2Canais\MPLAB\ADC2Canais.asm
           espera_leitura   0x000042    program     static C:\Users\eleli\Documents\Cursos\Curso de Pic\Assembly Pic\PIC12F675\ADC2Canais\MPLAB\ADC2Canais.asm
                   _100us   0x000046    program     static C:\Users\eleli\Documents\Cursos\Curso de Pic\Assembly Pic\PIC12F675\ADC2Canais\MPLAB\ADC2Canais.asm


